Archive member included to satisfy reference by file (symbol)

/Applications/STM32CubeIDE.app/Contents/Eclipse/plugins/com.st.stm32cube.ide.mcu.externaltools.gnu-tools-for-stm32.13.3.rel1.macos64_1.0.0.202411102158/tools/bin/../lib/gcc/arm-none-eabi/13.3.1/../../../../arm-none-eabi/lib/thumb/v7e-m+fp/hard/libc_nano.a(libc_a-exit.o)
                              /Applications/STM32CubeIDE.app/Contents/Eclipse/plugins/com.st.stm32cube.ide.mcu.externaltools.gnu-tools-for-stm32.13.3.rel1.macos64_1.0.0.202411102158/tools/bin/../lib/gcc/arm-none-eabi/13.3.1/../../../../arm-none-eabi/lib/thumb/v7e-m+fp/hard/crt0.o (exit)
/Applications/STM32CubeIDE.app/Contents/Eclipse/plugins/com.st.stm32cube.ide.mcu.externaltools.gnu-tools-for-stm32.13.3.rel1.macos64_1.0.0.202411102158/tools/bin/../lib/gcc/arm-none-eabi/13.3.1/../../../../arm-none-eabi/lib/thumb/v7e-m+fp/hard/libc_nano.a(libc_a-findfp.o)
                              /Applications/STM32CubeIDE.app/Contents/Eclipse/plugins/com.st.stm32cube.ide.mcu.externaltools.gnu-tools-for-stm32.13.3.rel1.macos64_1.0.0.202411102158/tools/bin/../lib/gcc/arm-none-eabi/13.3.1/../../../../arm-none-eabi/lib/thumb/v7e-m+fp/hard/libc_nano.a(libc_a-exit.o) (__stdio_exit_handler)
/Applications/STM32CubeIDE.app/Contents/Eclipse/plugins/com.st.stm32cube.ide.mcu.externaltools.gnu-tools-for-stm32.13.3.rel1.macos64_1.0.0.202411102158/tools/bin/../lib/gcc/arm-none-eabi/13.3.1/../../../../arm-none-eabi/lib/thumb/v7e-m+fp/hard/libc_nano.a(libc_a-fwalk.o)
                              /Applications/STM32CubeIDE.app/Contents/Eclipse/plugins/com.st.stm32cube.ide.mcu.externaltools.gnu-tools-for-stm32.13.3.rel1.macos64_1.0.0.202411102158/tools/bin/../lib/gcc/arm-none-eabi/13.3.1/../../../../arm-none-eabi/lib/thumb/v7e-m+fp/hard/libc_nano.a(libc_a-findfp.o) (_fwalk_sglue)
/Applications/STM32CubeIDE.app/Contents/Eclipse/plugins/com.st.stm32cube.ide.mcu.externaltools.gnu-tools-for-stm32.13.3.rel1.macos64_1.0.0.202411102158/tools/bin/../lib/gcc/arm-none-eabi/13.3.1/../../../../arm-none-eabi/lib/thumb/v7e-m+fp/hard/libc_nano.a(libc_a-memcmp.o)
                              ./MiddleWares/SEGGER/Sample/FreeRTOSV11/SEGGER_SYSVIEW_FreeRTOS.o (memcmp)
/Applications/STM32CubeIDE.app/Contents/Eclipse/plugins/com.st.stm32cube.ide.mcu.externaltools.gnu-tools-for-stm32.13.3.rel1.macos64_1.0.0.202411102158/tools/bin/../lib/gcc/arm-none-eabi/13.3.1/../../../../arm-none-eabi/lib/thumb/v7e-m+fp/hard/libc_nano.a(libc_a-memset.o)
                              /Applications/STM32CubeIDE.app/Contents/Eclipse/plugins/com.st.stm32cube.ide.mcu.externaltools.gnu-tools-for-stm32.13.3.rel1.macos64_1.0.0.202411102158/tools/bin/../lib/gcc/arm-none-eabi/13.3.1/../../../../arm-none-eabi/lib/thumb/v7e-m+fp/hard/crt0.o (memset)
/Applications/STM32CubeIDE.app/Contents/Eclipse/plugins/com.st.stm32cube.ide.mcu.externaltools.gnu-tools-for-stm32.13.3.rel1.macos64_1.0.0.202411102158/tools/bin/../lib/gcc/arm-none-eabi/13.3.1/../../../../arm-none-eabi/lib/thumb/v7e-m+fp/hard/libc_nano.a(libc_a-errno.o)
                              ./Core/Src/syscalls.o (__errno)
/Applications/STM32CubeIDE.app/Contents/Eclipse/plugins/com.st.stm32cube.ide.mcu.externaltools.gnu-tools-for-stm32.13.3.rel1.macos64_1.0.0.202411102158/tools/bin/../lib/gcc/arm-none-eabi/13.3.1/../../../../arm-none-eabi/lib/thumb/v7e-m+fp/hard/libc_nano.a(libc_a-init.o)
                              /Applications/STM32CubeIDE.app/Contents/Eclipse/plugins/com.st.stm32cube.ide.mcu.externaltools.gnu-tools-for-stm32.13.3.rel1.macos64_1.0.0.202411102158/tools/bin/../lib/gcc/arm-none-eabi/13.3.1/../../../../arm-none-eabi/lib/thumb/v7e-m+fp/hard/crt0.o (__libc_init_array)
/Applications/STM32CubeIDE.app/Contents/Eclipse/plugins/com.st.stm32cube.ide.mcu.externaltools.gnu-tools-for-stm32.13.3.rel1.macos64_1.0.0.202411102158/tools/bin/../lib/gcc/arm-none-eabi/13.3.1/../../../../arm-none-eabi/lib/thumb/v7e-m+fp/hard/libc_nano.a(libc_a-lock.o)
                              /Applications/STM32CubeIDE.app/Contents/Eclipse/plugins/com.st.stm32cube.ide.mcu.externaltools.gnu-tools-for-stm32.13.3.rel1.macos64_1.0.0.202411102158/tools/bin/../lib/gcc/arm-none-eabi/13.3.1/../../../../arm-none-eabi/lib/thumb/v7e-m+fp/hard/libc_nano.a(libc_a-findfp.o) (__retarget_lock_init_recursive)
/Applications/STM32CubeIDE.app/Contents/Eclipse/plugins/com.st.stm32cube.ide.mcu.externaltools.gnu-tools-for-stm32.13.3.rel1.macos64_1.0.0.202411102158/tools/bin/../lib/gcc/arm-none-eabi/13.3.1/../../../../arm-none-eabi/lib/thumb/v7e-m+fp/hard/libc_nano.a(libc_a-impure.o)
                              /Applications/STM32CubeIDE.app/Contents/Eclipse/plugins/com.st.stm32cube.ide.mcu.externaltools.gnu-tools-for-stm32.13.3.rel1.macos64_1.0.0.202411102158/tools/bin/../lib/gcc/arm-none-eabi/13.3.1/../../../../arm-none-eabi/lib/thumb/v7e-m+fp/hard/libc_nano.a(libc_a-errno.o) (_impure_ptr)
[...]
Memory Configuration

Name             Origin             Length             Attributes
CCMRAM           0x10000000         0x00004000         xrw
RAM              0x20000000         0x00010000         xrw
FLASH            0x08000000         0x00080000         xr
*default*        0x00000000         0xffffffff

Linker script and memory map

LOAD /Applications/STM32CubeIDE.app/Contents/Eclipse/plugins/com.st.stm32cube.ide.mcu.externaltools.gnu-tools-for-stm32.13.3.rel1.macos64_1.0.0.202411102158/tools/bin/../lib/gcc/arm-none-eabi/13.3.1/thumb/v7e-m+fp/hard/crti.o
LOAD /Applications/STM32CubeIDE.app/Contents/Eclipse/plugins/com.st.stm32cube.ide.mcu.externaltools.gnu-tools-for-stm32.13.3.rel1.macos64_1.0.0.202411102158/tools/bin/../lib/gcc/arm-none-eabi/13.3.1/thumb/v7e-m+fp/hard/crtbegin.o
LOAD /Applications/STM32CubeIDE.app/Contents/Eclipse/plugins/com.st.stm32cube.ide.mcu.externaltools.gnu-tools-for-stm32.13.3.rel1.macos64_1.0.0.202411102158/tools/bin/../lib/gcc/arm-none-eabi/13.3.1/../../../../arm-none-eabi/lib/thumb/v7e-m+fp/hard/crt0.o
LOAD ./Core/Src/main.o
LOAD ./Core/Src/stm32f3xx_hal_msp.o
LOAD ./Core/Src/stm32f3xx_it.o
LOAD ./Core/Src/syscalls.o
LOAD ./Core/Src/sysmem.o
LOAD ./Core/Src/system_stm32f3xx.o
LOAD ./Core/Startup/startup_stm32f303retx.o
LOAD ./Drivers/STM32F3xx_HAL_Driver/Src/stm32f3xx_hal.o
LOAD ./Drivers/STM32F3xx_HAL_Driver/Src/stm32f3xx_hal_cortex.o
LOAD ./Drivers/STM32F3xx_HAL_Driver/Src/stm32f3xx_hal_crc.o
LOAD ./Drivers/STM32F3xx_HAL_Driver/Src/stm32f3xx_hal_crc_ex.o
LOAD ./Drivers/STM32F3xx_HAL_Driver/Src/stm32f3xx_hal_dma.o
LOAD ./Drivers/STM32F3xx_HAL_Driver/Src/stm32f3xx_hal_exti.o
LOAD ./Drivers/STM32F3xx_HAL_Driver/Src/stm32f3xx_hal_flash.o
LOAD ./Drivers/STM32F3xx_HAL_Driver/Src/stm32f3xx_hal_flash_ex.o
LOAD ./Drivers/STM32F3xx_HAL_Driver/Src/stm32f3xx_hal_gpio.o
LOAD ./Drivers/STM32F3xx_HAL_Driver/Src/stm32f3xx_hal_i2c.o
LOAD ./Drivers/STM32F3xx_HAL_Driver/Src/stm32f3xx_hal_i2c_ex.o
LOAD ./Drivers/STM32F3xx_HAL_Driver/Src/stm32f3xx_hal_pwr.o
LOAD ./Drivers/STM32F3xx_HAL_Driver/Src/stm32f3xx_hal_pwr_ex.o
LOAD ./Drivers/STM32F3xx_HAL_Driver/Src/stm32f3xx_hal_rcc.o
LOAD ./Drivers/STM32F3xx_HAL_Driver/Src/stm32f3xx_hal_rcc_ex.o
LOAD ./Drivers/STM32F3xx_HAL_Driver/Src/stm32f3xx_hal_uart.o
LOAD ./Drivers/STM32F3xx_HAL_Driver/Src/stm32f3xx_hal_uart_ex.o
LOAD ./MiddleWares/FreeRTOS/croutine.o
LOAD ./MiddleWares/FreeRTOS/event_groups.o
LOAD ./MiddleWares/FreeRTOS/list.o
LOAD ./MiddleWares/FreeRTOS/queue.o
LOAD ./MiddleWares/FreeRTOS/stream_buffer.o
LOAD ./MiddleWares/FreeRTOS/tasks.o
LOAD ./MiddleWares/FreeRTOS/timers.o
LOAD ./MiddleWares/FreeRTOS/portable/GCC/ARM_CM4F/port.o
LOAD ./MiddleWares/FreeRTOS/portable/MemMang/heap_4.o
LOAD ./MiddleWares/SEGGER/RTT/RTT/SEGGER_RTT.o
LOAD ./MiddleWares/SEGGER/RTT/RTT/SEGGER_RTT_ASM_ARMv7M.o
LOAD ./MiddleWares/SEGGER/RTT/RTT/SEGGER_RTT_printf.o
LOAD ./MiddleWares/SEGGER/RTT/Syscalls/SEGGER_RTT_Syscalls_GCC.o
LOAD ./MiddleWares/SEGGER/RTT/Syscalls/SEGGER_RTT_Syscalls_IAR.o
LOAD ./MiddleWares/SEGGER/RTT/Syscalls/SEGGER_RTT_Syscalls_KEIL.o
LOAD ./MiddleWares/SEGGER/RTT/Syscalls/SEGGER_RTT_Syscalls_SES.o
LOAD ./MiddleWares/SEGGER/SYSVIEW/SEGGER_SYSVIEW.o
LOAD ./MiddleWares/SEGGER/Sample/FreeRTOSV11/Config/Cortex-M/SEGGER_SYSVIEW_Config_FreeRTOS.o
LOAD ./MiddleWares/SEGGER/Sample/FreeRTOSV11/SEGGER_SYSVIEW_FreeRTOS.o
START GROUP
LOAD /Applications/STM32CubeIDE.app/Contents/Eclipse/plugins/com.st.stm32cube.ide.mcu.externaltools.gnu-tools-for-stm32.13.3.rel1.macos64_1.0.0.202411102158/tools/bin/../lib/gcc/arm-none-eabi/13.3.1/../../../../arm-none-eabi/lib/thumb/v7e-m+fp/hard/libc_nano.a
LOAD /Applications/STM32CubeIDE.app/Contents/Eclipse/plugins/com.st.stm32cube.ide.mcu.externaltools.gnu-tools-for-stm32.13.3.rel1.macos64_1.0.0.202411102158/tools/bin/../lib/gcc/arm-none-eabi/13.3.1/../../../../arm-none-eabi/lib/thumb/v7e-m+fp/hard/libm.a
END GROUP
START GROUP
LOAD /Applications/STM32CubeIDE.app/Contents/Eclipse/plugins/com.st.stm32cube.ide.mcu.externaltools.gnu-tools-for-stm32.13.3.rel1.macos64_1.0.0.202411102158/tools/bin/../lib/gcc/arm-none-eabi/13.3.1/thumb/v7e-m+fp/hard/libgcc.a
LOAD /Applications/STM32CubeIDE.app/Contents/Eclipse/plugins/com.st.stm32cube.ide.mcu.externaltools.gnu-tools-for-stm32.13.3.rel1.macos64_1.0.0.202411102158/tools/bin/../lib/gcc/arm-none-eabi/13.3.1/../../../../arm-none-eabi/lib/thumb/v7e-m+fp/hard/libc_nano.a
END GROUP
START GROUP
LOAD /Applications/STM32CubeIDE.app/Contents/Eclipse/plugins/com.st.stm32cube.ide.mcu.externaltools.gnu-tools-for-stm32.13.3.rel1.macos64_1.0.0.202411102158/tools/bin/../lib/gcc/arm-none-eabi/13.3.1/thumb/v7e-m+fp/hard/libgcc.a
LOAD /Applications/STM32CubeIDE.app/Contents/Eclipse/plugins/com.st.stm32cube.ide.mcu.externaltools.gnu-tools-for-stm32.13.3.rel1.macos64_1.0.0.202411102158/tools/bin/../lib/gcc/arm-none-eabi/13.3.1/../../../../arm-none-eabi/lib/thumb/v7e-m+fp/hard/libc_nano.a
LOAD /Applications/STM32CubeIDE.app/Contents/Eclipse/plugins/com.st.stm32cube.ide.mcu.externaltools.gnu-tools-for-stm32.13.3.rel1.macos64_1.0.0.202411102158/tools/bin/../lib/gcc/arm-none-eabi/13.3.1/../../../../arm-none-eabi/lib/thumb/v7e-m+fp/hard/libnosys.a
END GROUP
START GROUP
LOAD /Applications/STM32CubeIDE.app/Contents/Eclipse/plugins/com.st.stm32cube.ide.mcu.externaltools.gnu-tools-for-stm32.13.3.rel1.macos64_1.0.0.202411102158/tools/bin/../lib/gcc/arm-none-eabi/13.3.1/thumb/v7e-m+fp/hard/libgcc.a
LOAD /Applications/STM32CubeIDE.app/Contents/Eclipse/plugins/com.st.stm32cube.ide.mcu.externaltools.gnu-tools-for-stm32.13.3.rel1.macos64_1.0.0.202411102158/tools/bin/../lib/gcc/arm-none-eabi/13.3.1/../../../../arm-none-eabi/lib/thumb/v7e-m+fp/hard/libc_nano.a
LOAD /Applications/STM32CubeIDE.app/Contents/Eclipse/plugins/com.st.stm32cube.ide.mcu.externaltools.gnu-tools-for-stm32.13.3.rel1.macos64_1.0.0.202411102158/tools/bin/../lib/gcc/arm-none-eabi/13.3.1/../../../../arm-none-eabi/lib/thumb/v7e-m+fp/hard/libnosys.a
END GROUP
LOAD /Applications/STM32CubeIDE.app/Contents/Eclipse/plugins/com.st.stm32cube.ide.mcu.externaltools.gnu-tools-for-stm32.13.3.rel1.macos64_1.0.0.202411102158/tools/bin/../lib/gcc/arm-none-eabi/13.3.1/thumb/v7e-m+fp/hard/crtend.o
LOAD /Applications/STM32CubeIDE.app/Contents/Eclipse/plugins/com.st.stm32cube.ide.mcu.externaltools.gnu-tools-for-stm32.13.3.rel1.macos64_1.0.0.202411102158/tools/bin/../lib/gcc/arm-none-eabi/13.3.1/thumb/v7e-m+fp/hard/crtn.o
                0x20010000                        _estack = (ORIGIN (RAM) + LENGTH (RAM))
                0x00000200                        _Min_Heap_Size = 0x200
                0x00000400                        _Min_Stack_Size = 0x400

.isr_vector     0x08000000      0x194
                0x08000000                        . = ALIGN (0x4)
 *(.isr_vector)
 .isr_vector    0x08000000      0x194 ./Core/Startup/startup_stm32f303retx.o
                0x08000000                g_pfnVectors
                0x08000194                        . = ALIGN (0x4)

.text           0x080001a0     0x73d4
                0x080001a0                        . = ALIGN (0x4)
 *(.text)
 .text          0x080001a0       0x40 /Applications/STM32CubeIDE.app/Contents/Eclipse/plugins/com.st.stm32cube.ide.mcu.externaltools.gnu-tools-for-stm32.13.3.rel1.macos64_1.0.0.202411102158/tools/bin/../lib/gcc/arm-none-eabi/13.3.1/thumb/v7e-m+fp/hard/crtbegin.o
 .text          0x080001e0       0x94 ./MiddleWares/SEGGER/RTT/RTT/SEGGER_RTT_ASM_ARMv7M.o
                0x080001e0                SEGGER_RTT_ASM_WriteSkipNoLock
 *(.text*)
 .text.BlinkTaskOff
                0x08000274       0x16 ./Core/Src/main.o
                0x08000274                BlinkTaskOff
 .text.BlinkTaskOn
                0x0800028a       0x16 ./Core/Src/main.o
                0x0800028a                BlinkTaskOn
 .text.main     0x080002a0       0x78 ./Core/Src/main.o
                0x080002a0                main
 .text.SystemClock_Config
                0x08000318       0xbc ./Core/Src/main.o
                0x08000318                SystemClock_Config
 .text.MX_CRC_Init
                0x080003d4       0x44 ./Core/Src/main.o
 .text.MX_USART3_UART_Init
                0x08000418       0x60 ./Core/Src/main.o
 .text.MX_DMA_Init
                0x08000478       0x3c ./Core/Src/main.o
 .text.MX_GPIO_Init
                0x080004b4       0xf0 ./Core/Src/main.o
 .text.Error_Handler
                0x080005a4        0xc ./Core/Src/main.o
                0x080005a4                Error_Handler
 .text.HAL_MspInit
                0x080005b0       0x48 ./Core/Src/stm32f3xx_hal_msp.o
                0x080005b0                HAL_MspInit
 .text.HAL_CRC_MspInit
                0x080005f8       0x40 ./Core/Src/stm32f3xx_hal_msp.o
                0x080005f8                HAL_CRC_MspInit
 .text.HAL_UART_MspInit
                0x08000638       0xdc ./Core/Src/stm32f3xx_hal_msp.o
                0x08000638                HAL_UART_MspInit
 .text.NMI_Handler
                0x08000714        0x8 ./Core/Src/stm32f3xx_it.o
                0x08000714                NMI_Handler
 .text.HardFault_Handler
                0x0800071c        0x8 ./Core/Src/stm32f3xx_it.o
                0x0800071c                HardFault_Handler
 .text.MemManage_Handler
                0x08000724        0x8 ./Core/Src/stm32f3xx_it.o
                0x08000724                MemManage_Handler
 .text.BusFault_Handler
                0x0800072c        0x8 ./Core/Src/stm32f3xx_it.o
                0x0800072c                BusFault_Handler
 .text.UsageFault_Handler
                0x08000734        0x8 ./Core/Src/stm32f3xx_it.o
                0x08000734                UsageFault_Handler
 .text.DebugMon_Handler
                0x0800073c        0xe ./Core/Src/stm32f3xx_it.o
                0x0800073c                DebugMon_Handler
 *fill*         0x0800074a        0x2 
 .text.DMA1_Channel2_IRQHandler
                0x0800074c       0x14 ./Core/Src/stm32f3xx_it.o
                0x0800074c                DMA1_Channel2_IRQHandler
 .text.SystemInit
                0x08000760       0x24 ./Core/Src/system_stm32f3xx.o
                0x08000760                SystemInit
 .text.Reset_Handler
                0x08000784       0x50 ./Core/Startup/startup_stm32f303retx.o
                0x08000784                Reset_Handler
 .text.Default_Handler
                0x080007d4        0x2 ./Core/Startup/startup_stm32f303retx.o
                0x080007d4                TIM1_BRK_TIM15_IRQHandler
                0x080007d4                TIM8_TRG_COM_IRQHandler
                0x080007d4                TIM8_CC_IRQHandler
                0x080007d4                SPI4_IRQHandler
                0x080007d4                TIM1_CC_IRQHandler
                0x080007d4                USB_HP_IRQHandler
                0x080007d4                PVD_IRQHandler
                0x080007d4                TAMP_STAMP_IRQHandler
                0x080007d4                EXTI3_IRQHandler
                0x080007d4                I2C3_ER_IRQHandler
                0x080007d4                USB_HP_CAN_TX_IRQHandler
                0x080007d4                EXTI0_IRQHandler
                0x080007d4                I2C2_EV_IRQHandler
                0x080007d4                FPU_IRQHandler
                0x080007d4                TIM1_UP_TIM16_IRQHandler
                0x080007d4                ADC1_2_IRQHandler
                0x080007d4                SPI1_IRQHandler
                0x080007d4                CAN_SCE_IRQHandler
                0x080007d4                TIM6_DAC_IRQHandler
                0x080007d4                TIM8_UP_IRQHandler
                0x080007d4                DMA2_Channel2_IRQHandler
                0x080007d4                DMA1_Channel4_IRQHandler
                0x080007d4                TIM20_TRG_COM_IRQHandler
                0x080007d4                USART3_IRQHandler
                0x080007d4                DMA1_Channel7_IRQHandler
                0x080007d4                UART5_IRQHandler
                0x080007d4                ADC3_IRQHandler
                0x080007d4                TIM4_IRQHandler
                0x080007d4                CAN_RX1_IRQHandler
                0x080007d4                DMA2_Channel1_IRQHandler
                0x080007d4                I2C1_EV_IRQHandler
                0x080007d4                DMA1_Channel6_IRQHandler
                0x080007d4                UART4_IRQHandler
                0x080007d4                DMA2_Channel4_IRQHandler
                0x080007d4                TIM3_IRQHandler
                0x080007d4                RCC_IRQHandler
                0x080007d4                TIM20_UP_IRQHandler
                0x080007d4                DMA1_Channel1_IRQHandler
                0x080007d4                Default_Handler
                0x080007d4                USBWakeUp_RMP_IRQHandler
                0x080007d4                EXTI15_10_IRQHandler
                0x080007d4                TIM7_IRQHandler
                0x080007d4                I2C3_EV_IRQHandler
                0x080007d4                EXTI9_5_IRQHandler
                0x080007d4                RTC_WKUP_IRQHandler
                0x080007d4                SPI2_IRQHandler
                0x080007d4                USB_LP_CAN_RX0_IRQHandler
                0x080007d4                DMA2_Channel5_IRQHandler
                0x080007d4                DMA1_Channel5_IRQHandler
                0x080007d4                USB_LP_IRQHandler
                0x080007d4                EXTI4_IRQHandler
                0x080007d4                TIM1_TRG_COM_TIM17_IRQHandler
                0x080007d4                DMA1_Channel3_IRQHandler
                0x080007d4                ADC4_IRQHandler
                0x080007d4                WWDG_IRQHandler
                0x080007d4                TIM2_IRQHandler
                0x080007d4                COMP7_IRQHandler
                0x080007d4                COMP1_2_3_IRQHandler
                0x080007d4                EXTI1_IRQHandler
                0x080007d4                USART2_IRQHandler
                0x080007d4                COMP4_5_6_IRQHandler
                0x080007d4                TIM20_BRK_IRQHandler
                0x080007d4                I2C2_ER_IRQHandler
                0x080007d4                TIM8_BRK_IRQHandler
                0x080007d4                FLASH_IRQHandler
                0x080007d4                TIM20_CC_IRQHandler
                0x080007d4                USART1_IRQHandler
                0x080007d4                SPI3_IRQHandler
                0x080007d4                I2C1_ER_IRQHandler
                0x080007d4                FMC_IRQHandler
                0x080007d4                USBWakeUp_IRQHandler
                0x080007d4                DMA2_Channel3_IRQHandler
                0x080007d4                EXTI2_TSC_IRQHandler
                0x080007d4                RTC_Alarm_IRQHandler
 *fill*         0x080007d6        0x2 
 .text.HAL_Init
                0x080007d8       0x2c ./Drivers/STM32F3xx_HAL_Driver/Src/stm32f3xx_hal.o
                0x080007d8                HAL_Init
 .text.HAL_InitTick
                0x08000804       0x60 ./Drivers/STM32F3xx_HAL_Driver/Src/stm32f3xx_hal.o
                0x08000804                HAL_InitTick
 .text.HAL_GetTick
                0x08000864       0x18 ./Drivers/STM32F3xx_HAL_Driver/Src/stm32f3xx_hal.o
                0x08000864                HAL_GetTick
 .text.__NVIC_SetPriorityGrouping
                0x0800087c       0x48 ./Drivers/STM32F3xx_HAL_Driver/Src/stm32f3xx_hal_cortex.o
 .text.__NVIC_GetPriorityGrouping
                0x080008c4       0x1c ./Drivers/STM32F3xx_HAL_Driver/Src/stm32f3xx_hal_cortex.o
 .text.__NVIC_EnableIRQ
                0x080008e0       0x3c ./Drivers/STM32F3xx_HAL_Driver/Src/stm32f3xx_hal_cortex.o
 .text.__NVIC_SetPriority
                0x0800091c       0x54 ./Drivers/STM32F3xx_HAL_Driver/Src/stm32f3xx_hal_cortex.o
 .text.NVIC_EncodePriority
                0x08000970       0x66 ./Drivers/STM32F3xx_HAL_Driver/Src/stm32f3xx_hal_cortex.o
 *fill*         0x080009d6        0x2 
 .text.SysTick_Config
                0x080009d8       0x44 ./Drivers/STM32F3xx_HAL_Driver/Src/stm32f3xx_hal_cortex.o
 .text.HAL_NVIC_SetPriorityGrouping
                0x08000a1c       0x16 ./Drivers/STM32F3xx_HAL_Driver/Src/stm32f3xx_hal_cortex.o
                0x08000a1c                HAL_NVIC_SetPriorityGrouping
 .text.HAL_NVIC_SetPriority
                0x08000a32       0x38 ./Drivers/STM32F3xx_HAL_Driver/Src/stm32f3xx_hal_cortex.o
                0x08000a32                HAL_NVIC_SetPriority
 .text.HAL_NVIC_EnableIRQ
                0x08000a6a       0x1c ./Drivers/STM32F3xx_HAL_Driver/Src/stm32f3xx_hal_cortex.o
                0x08000a6a                HAL_NVIC_EnableIRQ
 .text.HAL_SYSTICK_Config
                0x08000a86       0x18 ./Drivers/STM32F3xx_HAL_Driver/Src/stm32f3xx_hal_cortex.o
                0x08000a86                HAL_SYSTICK_Config
 *fill*         0x08000a9e        0x2 
 .text.HAL_CRC_Init
                0x08000aa0       0xc8 ./Drivers/STM32F3xx_HAL_Driver/Src/stm32f3xx_hal_crc.o
                0x08000aa0                HAL_CRC_Init
 .text.HAL_CRCEx_Polynomial_Set
                0x08000b68      0x11c ./Drivers/STM32F3xx_HAL_Driver/Src/stm32f3xx_hal_crc_ex.o
                0x08000b68                HAL_CRCEx_Polynomial_Set
 .text.HAL_DMA_Init
                0x08000c84       0x8e ./Drivers/STM32F3xx_HAL_Driver/Src/stm32f3xx_hal_dma.o
                0x08000c84                HAL_DMA_Init
 .text.HAL_DMA_IRQHandler
                0x08000d12      0x146 ./Drivers/STM32F3xx_HAL_Driver/Src/stm32f3xx_hal_dma.o
                0x08000d12                HAL_DMA_IRQHandler
 .text.DMA_CalcBaseAndBitshift
                0x08000e58       0x78 ./Drivers/STM32F3xx_HAL_Driver/Src/stm32f3xx_hal_dma.o
 .text.HAL_GPIO_Init
                0x08000ed0      0x314 ./Drivers/STM32F3xx_HAL_Driver/Src/stm32f3xx_hal_gpio.o
                0x08000ed0                HAL_GPIO_Init
 .text.HAL_GPIO_WritePin
                0x080011e4       0x30 ./Drivers/STM32F3xx_HAL_Driver/Src/stm32f3xx_hal_gpio.o
                0x080011e4                HAL_GPIO_WritePin
 .text.HAL_RCC_OscConfig
                0x08001214     0x1048 ./Drivers/STM32F3xx_HAL_Driver/Src/stm32f3xx_hal_rcc.o
                0x08001214                HAL_RCC_OscConfig
 .text.HAL_RCC_ClockConfig
                0x0800225c      0x2dc ./Drivers/STM32F3xx_HAL_Driver/Src/stm32f3xx_hal_rcc.o
                0x0800225c                HAL_RCC_ClockConfig
 .text.HAL_RCC_GetSysClockFreq
                0x08002538       0xa8 ./Drivers/STM32F3xx_HAL_Driver/Src/stm32f3xx_hal_rcc.o
                0x08002538                HAL_RCC_GetSysClockFreq
 .text.HAL_RCC_GetHCLKFreq
                0x080025e0       0x18 ./Drivers/STM32F3xx_HAL_Driver/Src/stm32f3xx_hal_rcc.o
                0x080025e0                HAL_RCC_GetHCLKFreq
 .text.HAL_RCC_GetPCLK1Freq
                0x080025f8       0x44 ./Drivers/STM32F3xx_HAL_Driver/Src/stm32f3xx_hal_rcc.o
                0x080025f8                HAL_RCC_GetPCLK1Freq
 .text.HAL_RCC_GetPCLK2Freq
                0x0800263c       0x44 ./Drivers/STM32F3xx_HAL_Driver/Src/stm32f3xx_hal_rcc.o
                0x0800263c                HAL_RCC_GetPCLK2Freq
 .text.HAL_RCCEx_PeriphCLKConfig
                0x08002680      0x438 ./Drivers/STM32F3xx_HAL_Driver/Src/stm32f3xx_hal_rcc_ex.o
                0x08002680                HAL_RCCEx_PeriphCLKConfig
 .text.HAL_UART_Init
                0x08002ab8       0x9c ./Drivers/STM32F3xx_HAL_Driver/Src/stm32f3xx_hal_uart.o
                0x08002ab8                HAL_UART_Init
 .text.UART_SetConfig
                0x08002b54      0x3a8 ./Drivers/STM32F3xx_HAL_Driver/Src/stm32f3xx_hal_uart.o
                0x08002b54                UART_SetConfig
 .text.UART_AdvFeatureConfig
                0x08002efc      0x144 ./Drivers/STM32F3xx_HAL_Driver/Src/stm32f3xx_hal_uart.o
                0x08002efc                UART_AdvFeatureConfig
 .text.UART_CheckIdleState
                0x08003040      0x150 ./Drivers/STM32F3xx_HAL_Driver/Src/stm32f3xx_hal_uart.o
                0x08003040                UART_CheckIdleState
 .text.UART_WaitOnFlagUntilTimeout
                0x08003190       0xda ./Drivers/STM32F3xx_HAL_Driver/Src/stm32f3xx_hal_uart.o
                0x08003190                UART_WaitOnFlagUntilTimeout
 .text.UART_EndRxTransfer
                0x0800326a       0xc8 ./Drivers/STM32F3xx_HAL_Driver/Src/stm32f3xx_hal_uart.o
 .text.vListInitialise
                0x08003332       0x44 ./MiddleWares/FreeRTOS/list.o
                0x08003332                vListInitialise
 .text.vListInitialiseItem
                0x08003376       0x1e ./MiddleWares/FreeRTOS/list.o
                0x08003376                vListInitialiseItem
 .text.vListInsert
                0x08003394       0x76 ./MiddleWares/FreeRTOS/list.o
                0x08003394                vListInsert
 .text.uxListRemove
                0x0800340a       0x5e ./MiddleWares/FreeRTOS/list.o
                0x0800340a                uxListRemove
 .text.xQueueGenericReset
                0x08003468      0x12c ./MiddleWares/FreeRTOS/queue.o
                0x08003468                xQueueGenericReset
 .text.xQueueGenericCreate
                0x08003594       0xb0 ./MiddleWares/FreeRTOS/queue.o
                0x08003594                xQueueGenericCreate
 .text.prvInitialiseNewQueue
                0x08003644       0x46 ./MiddleWares/FreeRTOS/queue.o
 *fill*         0x0800368a        0x2 
 .text.xQueueReceive
                0x0800368c      0x1dc ./MiddleWares/FreeRTOS/queue.o
                0x0800368c                xQueueReceive
 .text.prvCopyDataFromQueue
                0x08003868       0x4c ./MiddleWares/FreeRTOS/queue.o
 .text.prvUnlockQueue
                0x080038b4       0xa4 ./MiddleWares/FreeRTOS/queue.o
 .text.prvIsQueueEmpty
                0x08003958       0x2c ./MiddleWares/FreeRTOS/queue.o
 .text.vQueueAddToRegistry
                0x08003984       0xa0 ./MiddleWares/FreeRTOS/queue.o
                0x08003984                vQueueAddToRegistry
 .text.vQueueWaitForMessageRestricted
                0x08003a24       0x6e ./MiddleWares/FreeRTOS/queue.o
                0x08003a24                vQueueWaitForMessageRestricted
 .text.prvCreateTask
                0x08003a92       0x78 ./MiddleWares/FreeRTOS/tasks.o
 .text.xTaskCreate
                0x08003b0a       0x50 ./MiddleWares/FreeRTOS/tasks.o
                0x08003b0a                xTaskCreate
 .text.prvInitialiseNewTask
                0x08003b5a      0x120 ./MiddleWares/FreeRTOS/tasks.o
 *fill*         0x08003c7a        0x2 
 .text.prvAddNewTaskToReadyList
                0x08003c7c      0x16c ./MiddleWares/FreeRTOS/tasks.o
 .text.prvCreateIdleTasks
                0x08003de8       0x94 ./MiddleWares/FreeRTOS/tasks.o
 .text.vTaskStartScheduler
                0x08003e7c       0xb4 ./MiddleWares/FreeRTOS/tasks.o
                0x08003e7c                vTaskStartScheduler
 .text.vTaskSuspendAll
                0x08003f30       0x1c ./MiddleWares/FreeRTOS/tasks.o
                0x08003f30                vTaskSuspendAll
 .text.xTaskResumeAll
                0x08003f4c      0x224 ./MiddleWares/FreeRTOS/tasks.o
                0x08003f4c                xTaskResumeAll
 .text.xTaskGetTickCount
                0x08004170       0x24 ./MiddleWares/FreeRTOS/tasks.o
                0x08004170                xTaskGetTickCount
 .text.xTaskGetTickCountFromISR
                0x08004194       0x2c ./MiddleWares/FreeRTOS/tasks.o
                0x08004194                xTaskGetTickCountFromISR
 .text.xTaskIncrementTick
                0x080041c0      0x244 ./MiddleWares/FreeRTOS/tasks.o
                0x080041c0                xTaskIncrementTick
 .text.vTaskSwitchContext
                0x08004404       0xd8 ./MiddleWares/FreeRTOS/tasks.o
                0x08004404                vTaskSwitchContext
 .text.vTaskPlaceOnEventList
                0x080044dc       0x50 ./MiddleWares/FreeRTOS/tasks.o
                0x080044dc                vTaskPlaceOnEventList
 .text.vTaskPlaceOnEventListRestricted
                0x0800452c       0x94 ./MiddleWares/FreeRTOS/tasks.o
                0x0800452c                vTaskPlaceOnEventListRestricted
 .text.xTaskRemoveFromEventList
                0x080045c0      0x1c0 ./MiddleWares/FreeRTOS/tasks.o
                0x080045c0                xTaskRemoveFromEventList
 .text.vTaskInternalSetTimeOutState
                0x08004780       0x30 ./MiddleWares/FreeRTOS/tasks.o
                0x08004780                vTaskInternalSetTimeOutState
 .text.xTaskCheckForTimeOut
                0x080047b0       0xd8 ./MiddleWares/FreeRTOS/tasks.o
                0x080047b0                xTaskCheckForTimeOut
 .text.vTaskMissedYield
                0x08004888       0x18 ./MiddleWares/FreeRTOS/tasks.o
                0x08004888                vTaskMissedYield
 .text.prvIdleTask
                0x080048a0       0x30 ./MiddleWares/FreeRTOS/tasks.o
 .text.prvInitialiseTaskLists
                0x080048d0       0x80 ./MiddleWares/FreeRTOS/tasks.o
 .text.prvCheckTasksWaitingTermination
                0x08004950       0x5c ./MiddleWares/FreeRTOS/tasks.o
 .text.prvDeleteTCB
                0x080049ac       0x20 ./MiddleWares/FreeRTOS/tasks.o
 .text.prvResetNextTaskUnblockTime
                0x080049cc       0x38 ./MiddleWares/FreeRTOS/tasks.o
 .text.xTaskGetSchedulerState
                0x08004a04       0x44 ./MiddleWares/FreeRTOS/tasks.o
                0x08004a04                xTaskGetSchedulerState
 .text.prvAddCurrentTaskToDelayedList
                0x08004a48      0x11c ./MiddleWares/FreeRTOS/tasks.o
 .text.xTimerCreateTimerTask
                0x08004b64       0x74 ./MiddleWares/FreeRTOS/timers.o
                0x08004b64                xTimerCreateTimerTask
 .text.prvReloadTimer
                0x08004bd8       0x42 ./MiddleWares/FreeRTOS/timers.o
 *fill*         0x08004c1a        0x2 
 .text.prvProcessExpiredTimer
                0x08004c1c       0x60 ./MiddleWares/FreeRTOS/timers.o
 .text.prvTimerTask
                0x08004c7c       0x26 ./MiddleWares/FreeRTOS/timers.o
 *fill*         0x08004ca2        0x2 
 .text.prvProcessTimerOrBlockTask
                0x08004ca4       0x9c ./MiddleWares/FreeRTOS/timers.o
 .text.prvGetNextExpireTime
                0x08004d40       0x48 ./MiddleWares/FreeRTOS/timers.o
 .text.prvSampleTimeNow
                0x08004d88       0x40 ./MiddleWares/FreeRTOS/timers.o
 .text.prvInsertTimerInActiveList
                0x08004dc8       0x84 ./MiddleWares/FreeRTOS/timers.o
 .text.prvProcessReceivedCommands
                0x08004e4c      0x190 ./MiddleWares/FreeRTOS/timers.o
 .text.prvSwitchTimerLists
                0x08004fdc       0x4c ./MiddleWares/FreeRTOS/timers.o
 .text.prvCheckForValidListAndQueue
                0x08005028       0x6c ./MiddleWares/FreeRTOS/timers.o
 .text.pxPortInitialiseStack
                0x08005094       0x68 ./MiddleWares/FreeRTOS/portable/GCC/ARM_CM4F/port.o
                0x08005094                pxPortInitialiseStack
 .text.prvTaskExitError
                0x080050fc       0x5c ./MiddleWares/FreeRTOS/portable/GCC/ARM_CM4F/port.o
 *fill*         0x08005158        0x8 
 .text.SVC_Handler
                0x08005160       0x28 ./MiddleWares/FreeRTOS/portable/GCC/ARM_CM4F/port.o
                0x08005160                SVC_Handler
 .text.prvPortStartFirstTask
                0x08005188       0x2c ./MiddleWares/FreeRTOS/portable/GCC/ARM_CM4F/port.o
 .text.xPortStartScheduler
                0x080051b4      0x1e0 ./MiddleWares/FreeRTOS/portable/GCC/ARM_CM4F/port.o
                0x080051b4                xPortStartScheduler
 .text.vPortEnterCritical
                0x08005394       0x64 ./MiddleWares/FreeRTOS/portable/GCC/ARM_CM4F/port.o
                0x08005394                vPortEnterCritical
 .text.vPortExitCritical
                0x080053f8       0x54 ./MiddleWares/FreeRTOS/portable/GCC/ARM_CM4F/port.o
                0x080053f8                vPortExitCritical
 *fill*         0x0800544c        0x4 
 .text.PendSV_Handler
                0x08005450       0x68 ./MiddleWares/FreeRTOS/portable/GCC/ARM_CM4F/port.o
                0x08005450                PendSV_Handler
 .text.SysTick_Handler
                0x080054b8       0x54 ./MiddleWares/FreeRTOS/portable/GCC/ARM_CM4F/port.o
                0x080054b8                SysTick_Handler
 .text.vPortSetupTimerInterrupt
                0x0800550c       0x48 ./MiddleWares/FreeRTOS/portable/GCC/ARM_CM4F/port.o
                0x0800550c                vPortSetupTimerInterrupt
 .text.vPortEnableVFP
                0x08005554       0x18 ./MiddleWares/FreeRTOS/portable/GCC/ARM_CM4F/port.o
 .text.vPortValidateInterruptPriority
                0x0800556c       0x84 ./MiddleWares/FreeRTOS/portable/GCC/ARM_CM4F/port.o
                0x0800556c                vPortValidateInterruptPriority
 .text.pvPortMalloc
                0x080055f0      0x264 ./MiddleWares/FreeRTOS/portable/MemMang/heap_4.o
                0x080055f0                pvPortMalloc
 .text.vPortFree
                0x08005854       0xec ./MiddleWares/FreeRTOS/portable/MemMang/heap_4.o
                0x08005854                vPortFree
 .text.prvHeapInit
                0x08005940       0xb4 ./MiddleWares/FreeRTOS/portable/MemMang/heap_4.o
 .text.prvInsertBlockIntoFreeList
                0x080059f4       0xf4 ./MiddleWares/FreeRTOS/portable/MemMang/heap_4.o
 .text._DoInit  0x08005ae8       0xb4 ./MiddleWares/SEGGER/RTT/RTT/SEGGER_RTT.o
 .text.SEGGER_RTT_ReadNoLock
                0x08005b9c      0x10c ./MiddleWares/SEGGER/RTT/RTT/SEGGER_RTT.o
                0x08005b9c                SEGGER_RTT_ReadNoLock
 .text.SEGGER_RTT_AllocUpBuffer
                0x08005ca8      0x108 ./MiddleWares/SEGGER/RTT/RTT/SEGGER_RTT.o
                0x08005ca8                SEGGER_RTT_AllocUpBuffer
 .text.SEGGER_RTT_ConfigDownBuffer
                0x08005db0       0x98 ./MiddleWares/SEGGER/RTT/RTT/SEGGER_RTT.o
                0x08005db0                SEGGER_RTT_ConfigDownBuffer
 .text._EncodeStr
                0x08005e48       0x72 ./MiddleWares/SEGGER/SYSVIEW/SEGGER_SYSVIEW.o
 .text._PreparePacket
                0x08005eba       0x18 ./MiddleWares/SEGGER/SYSVIEW/SEGGER_SYSVIEW.o
 *fill*         0x08005ed2        0x2 
 .text._HandleIncomingPacket
                0x08005ed4       0xdc ./MiddleWares/SEGGER/SYSVIEW/SEGGER_SYSVIEW.o
 .text._TrySendOverflowPacket
                0x08005fb0       0xe4 ./MiddleWares/SEGGER/SYSVIEW/SEGGER_SYSVIEW.o
 .text._SendPacket
                0x08006094      0x2dc ./MiddleWares/SEGGER/SYSVIEW/SEGGER_SYSVIEW.o
 .text.SEGGER_SYSVIEW_Init
                0x08006370       0x88 ./MiddleWares/SEGGER/SYSVIEW/SEGGER_SYSVIEW.o
                0x08006370                SEGGER_SYSVIEW_Init
 .text.SEGGER_SYSVIEW_SetRAMBase
                0x080063f8       0x20 ./MiddleWares/SEGGER/SYSVIEW/SEGGER_SYSVIEW.o
                0x080063f8                SEGGER_SYSVIEW_SetRAMBase
 .text.SEGGER_SYSVIEW_RecordVoid
                0x08006418       0x3c ./MiddleWares/SEGGER/SYSVIEW/SEGGER_SYSVIEW.o
                0x08006418                SEGGER_SYSVIEW_RecordVoid
 .text.SEGGER_SYSVIEW_RecordU32
                0x08006454       0x78 ./MiddleWares/SEGGER/SYSVIEW/SEGGER_SYSVIEW.o
                0x08006454                SEGGER_SYSVIEW_RecordU32
 .text.SEGGER_SYSVIEW_RecordU32x2
                0x080064cc       0xb4 ./MiddleWares/SEGGER/SYSVIEW/SEGGER_SYSVIEW.o
                0x080064cc                SEGGER_SYSVIEW_RecordU32x2
 .text.SEGGER_SYSVIEW_Start
                0x08006580      0x174 ./MiddleWares/SEGGER/SYSVIEW/SEGGER_SYSVIEW.o
                0x08006580                SEGGER_SYSVIEW_Start
 .text.SEGGER_SYSVIEW_Stop
                0x080066f4       0x4c ./MiddleWares/SEGGER/SYSVIEW/SEGGER_SYSVIEW.o
                0x080066f4                SEGGER_SYSVIEW_Stop
 .text.SEGGER_SYSVIEW_GetSysDesc
                0x08006740      0x134 ./MiddleWares/SEGGER/SYSVIEW/SEGGER_SYSVIEW.o
                0x08006740                SEGGER_SYSVIEW_GetSysDesc
 .text.SEGGER_SYSVIEW_SendTaskInfo
                0x08006874      0x1c8 ./MiddleWares/SEGGER/SYSVIEW/SEGGER_SYSVIEW.o
                0x08006874                SEGGER_SYSVIEW_SendTaskInfo
 .text.SEGGER_SYSVIEW_SendTaskList
                0x08006a3c       0x28 ./MiddleWares/SEGGER/SYSVIEW/SEGGER_SYSVIEW.o
                0x08006a3c                SEGGER_SYSVIEW_SendTaskList
 .text.SEGGER_SYSVIEW_SendSysDesc
                0x08006a64       0x48 ./MiddleWares/SEGGER/SYSVIEW/SEGGER_SYSVIEW.o
                0x08006a64                SEGGER_SYSVIEW_SendSysDesc
 .text.SEGGER_SYSVIEW_RecordSystime
                0x08006aac       0x64 ./MiddleWares/SEGGER/SYSVIEW/SEGGER_SYSVIEW.o
                0x08006aac                SEGGER_SYSVIEW_RecordSystime
 .text.SEGGER_SYSVIEW_RecordEnterISR
                0x08006b10       0x84 ./MiddleWares/SEGGER/SYSVIEW/SEGGER_SYSVIEW.o
                0x08006b10                SEGGER_SYSVIEW_RecordEnterISR
 .text.SEGGER_SYSVIEW_RecordExitISR
                0x08006b94       0x38 ./MiddleWares/SEGGER/SYSVIEW/SEGGER_SYSVIEW.o
                0x08006b94                SEGGER_SYSVIEW_RecordExitISR
 .text.SEGGER_SYSVIEW_RecordExitISRToScheduler
                0x08006bcc       0x38 ./MiddleWares/SEGGER/SYSVIEW/SEGGER_SYSVIEW.o
                0x08006bcc                SEGGER_SYSVIEW_RecordExitISRToScheduler
 .text.SEGGER_SYSVIEW_RecordEndCall
                0x08006c04       0x78 ./MiddleWares/SEGGER/SYSVIEW/SEGGER_SYSVIEW.o
                0x08006c04                SEGGER_SYSVIEW_RecordEndCall
 .text.SEGGER_SYSVIEW_RecordEndCallU32
                0x08006c7c       0xb0 ./MiddleWares/SEGGER/SYSVIEW/SEGGER_SYSVIEW.o
                0x08006c7c                SEGGER_SYSVIEW_RecordEndCallU32
 .text.SEGGER_SYSVIEW_OnIdle
                0x08006d2c       0x38 ./MiddleWares/SEGGER/SYSVIEW/SEGGER_SYSVIEW.o
                0x08006d2c                SEGGER_SYSVIEW_OnIdle
 .text.SEGGER_SYSVIEW_OnTaskCreate
                0x08006d64       0x84 ./MiddleWares/SEGGER/SYSVIEW/SEGGER_SYSVIEW.o
                0x08006d64                SEGGER_SYSVIEW_OnTaskCreate
 .text.SEGGER_SYSVIEW_OnTaskStartExec
                0x08006de8       0x84 ./MiddleWares/SEGGER/SYSVIEW/SEGGER_SYSVIEW.o
                0x08006de8                SEGGER_SYSVIEW_OnTaskStartExec
 .text.SEGGER_SYSVIEW_OnTaskStartReady
                0x08006e6c       0x84 ./MiddleWares/SEGGER/SYSVIEW/SEGGER_SYSVIEW.o
                0x08006e6c                SEGGER_SYSVIEW_OnTaskStartReady
 .text.SEGGER_SYSVIEW_OnTaskStopReady
                0x08006ef0       0xc0 ./MiddleWares/SEGGER/SYSVIEW/SEGGER_SYSVIEW.o
                0x08006ef0                SEGGER_SYSVIEW_OnTaskStopReady
 .text.SEGGER_SYSVIEW_ShrinkId
                0x08006fb0       0x20 ./MiddleWares/SEGGER/SYSVIEW/SEGGER_SYSVIEW.o
                0x08006fb0                SEGGER_SYSVIEW_ShrinkId
 .text.SEGGER_SYSVIEW_SendModule
                0x08006fd0      0x114 ./MiddleWares/SEGGER/SYSVIEW/SEGGER_SYSVIEW.o
                0x08006fd0                SEGGER_SYSVIEW_SendModule
 .text.SEGGER_SYSVIEW_SendModuleDescription
                0x080070e4       0x3c ./MiddleWares/SEGGER/SYSVIEW/SEGGER_SYSVIEW.o
                0x080070e4                SEGGER_SYSVIEW_SendModuleDescription
 .text.SEGGER_SYSVIEW_SendNumModules
                0x08007120       0x7c ./MiddleWares/SEGGER/SYSVIEW/SEGGER_SYSVIEW.o
                0x08007120                SEGGER_SYSVIEW_SendNumModules
 .text.SEGGER_SYSVIEW_Warn
                0x0800719c       0xb8 ./MiddleWares/SEGGER/SYSVIEW/SEGGER_SYSVIEW.o
                0x0800719c                SEGGER_SYSVIEW_Warn
 .text._cbSendSystemDesc
                0x08007254       0x1c ./MiddleWares/SEGGER/Sample/FreeRTOSV11/Config/Cortex-M/SEGGER_SYSVIEW_Config_FreeRTOS.o
 .text.SEGGER_SYSVIEW_Conf
                0x08007270       0x2c ./MiddleWares/SEGGER/Sample/FreeRTOSV11/Config/Cortex-M/SEGGER_SYSVIEW_Config_FreeRTOS.o
                0x08007270                SEGGER_SYSVIEW_Conf
 .text._cbSendTaskList
                0x0800729c       0x90 ./MiddleWares/SEGGER/Sample/FreeRTOSV11/SEGGER_SYSVIEW_FreeRTOS.o
 .text._cbGetTime
                0x0800732c       0x86 ./MiddleWares/SEGGER/Sample/FreeRTOSV11/SEGGER_SYSVIEW_FreeRTOS.o
 *fill*         0x080073b2        0x2 
 .text.SYSVIEW_AddTask
                0x080073b4       0xd0 ./MiddleWares/SEGGER/Sample/FreeRTOSV11/SEGGER_SYSVIEW_FreeRTOS.o
                0x080073b4                SYSVIEW_AddTask
 .text.SYSVIEW_SendTaskInfo
                0x08007484       0x42 ./MiddleWares/SEGGER/Sample/FreeRTOSV11/SEGGER_SYSVIEW_FreeRTOS.o
                0x08007484                SYSVIEW_SendTaskInfo
 .text.memcmp   0x080074c6       0x20 /Applications/STM32CubeIDE.app/Contents/Eclipse/plugins/com.st.stm32cube.ide.mcu.externaltools.gnu-tools-for-stm32.13.3.rel1.macos64_1.0.0.202411102158/tools/bin/../lib/gcc/arm-none-eabi/13.3.1/../../../../arm-none-eabi/lib/thumb/v7e-m+fp/hard/libc_nano.a(libc_a-memcmp.o)
                0x080074c6                memcmp
 .text.memset   0x080074e6       0x10 /Applications/STM32CubeIDE.app/Contents/Eclipse/plugins/com.st.stm32cube.ide.mcu.externaltools.gnu-tools-for-stm32.13.3.rel1.macos64_1.0.0.202411102158/tools/bin/../lib/gcc/arm-none-eabi/13.3.1/../../../../arm-none-eabi/lib/thumb/v7e-m+fp/hard/libc_nano.a(libc_a-memset.o)
                0x080074e6                memset
 *fill*         0x080074f6        0x2 
 .text.__libc_init_array
                0x080074f8       0x48 /Applications/STM32CubeIDE.app/Contents/Eclipse/plugins/com.st.stm32cube.ide.mcu.externaltools.gnu-tools-for-stm32.13.3.rel1.macos64_1.0.0.202411102158/tools/bin/../lib/gcc/arm-none-eabi/13.3.1/../../../../arm-none-eabi/lib/thumb/v7e-m+fp/hard/libc_nano.a(libc_a-init.o)
                0x080074f8                __libc_init_array
 .text.memcpy   0x08007540       0x1c /Applications/STM32CubeIDE.app/Contents/Eclipse/plugins/com.st.stm32cube.ide.mcu.externaltools.gnu-tools-for-stm32.13.3.rel1.macos64_1.0.0.202411102158/tools/bin/../lib/gcc/arm-none-eabi/13.3.1/../../../../arm-none-eabi/lib/thumb/v7e-m+fp/hard/libc_nano.a(libc_a-memcpy-stub.o)
                0x08007540                memcpy
 *(.glue_7)
 .glue_7        0x0800755c        0x0 linker stubs
 *(.glue_7t)
 .glue_7t       0x0800755c        0x0 linker stubs
 *(.eh_frame)
 .eh_frame      0x0800755c        0x0 /Applications/STM32CubeIDE.app/Contents/Eclipse/plugins/com.st.stm32cube.ide.mcu.externaltools.gnu-tools-for-stm32.13.3.rel1.macos64_1.0.0.202411102158/tools/bin/../lib/gcc/arm-none-eabi/13.3.1/thumb/v7e-m+fp/hard/crtbegin.o
 *(.init)
 .init          0x0800755c        0x4 /Applications/STM32CubeIDE.app/Contents/Eclipse/plugins/com.st.stm32cube.ide.mcu.externaltools.gnu-tools-for-stm32.13.3.rel1.macos64_1.0.0.202411102158/tools/bin/../lib/gcc/arm-none-eabi/13.3.1/thumb/v7e-m+fp/hard/crti.o
                0x0800755c                _init
 .init          0x08007560        0x8 /Applications/STM32CubeIDE.app/Contents/Eclipse/plugins/com.st.stm32cube.ide.mcu.externaltools.gnu-tools-for-stm32.13.3.rel1.macos64_1.0.0.202411102158/tools/bin/../lib/gcc/arm-none-eabi/13.3.1/thumb/v7e-m+fp/hard/crtn.o
 *(.fini)
 .fini          0x08007568        0x4 /Applications/STM32CubeIDE.app/Contents/Eclipse/plugins/com.st.stm32cube.ide.mcu.externaltools.gnu-tools-for-stm32.13.3.rel1.macos64_1.0.0.202411102158/tools/bin/../lib/gcc/arm-none-eabi/13.3.1/thumb/v7e-m+fp/hard/crti.o
                0x08007568                _fini
 .fini          0x0800756c        0x8 /Applications/STM32CubeIDE.app/Contents/Eclipse/plugins/com.st.stm32cube.ide.mcu.externaltools.gnu-tools-for-stm32.13.3.rel1.macos64_1.0.0.202411102158/tools/bin/../lib/gcc/arm-none-eabi/13.3.1/thumb/v7e-m+fp/hard/crtn.o
                0x08007574                        . = ALIGN (0x4)
                0x08007574                        _etext = .

.vfp11_veneer   0x08007574        0x0
 .vfp11_veneer  0x08007574        0x0 linker stubs

.v4_bx          0x08007574        0x0
 .v4_bx         0x08007574        0x0 linker stubs

.iplt           0x08007574        0x0
 .iplt          0x08007574        0x0 /Applications/STM32CubeIDE.app/Contents/Eclipse/plugins/com.st.stm32cube.ide.mcu.externaltools.gnu-tools-for-stm32.13.3.rel1.macos64_1.0.0.202411102158/tools/bin/../lib/gcc/arm-none-eabi/13.3.1/thumb/v7e-m+fp/hard/crtbegin.o

.rodata         0x08007574      0x148
                0x08007574                        . = ALIGN (0x4)
 *(.rodata)
 .rodata        0x08007574       0x14 ./Core/Src/main.o
 .rodata        0x08007588        0x5 ./MiddleWares/FreeRTOS/tasks.o
 *fill*         0x0800758d        0x3 
 .rodata        0x08007590        0xd ./MiddleWares/FreeRTOS/timers.o
 *fill*         0x0800759d        0x3 
 .rodata        0x080075a0        0x9 ./MiddleWares/SEGGER/RTT/RTT/SEGGER_RTT.o
 *fill*         0x080075a9        0x3 
 .rodata        0x080075ac       0x10 ./MiddleWares/SEGGER/SYSVIEW/SEGGER_SYSVIEW.o
 .rodata        0x080075bc       0x41 ./MiddleWares/SEGGER/Sample/FreeRTOSV11/Config/Cortex-M/SEGGER_SYSVIEW_Config_FreeRTOS.o
 *fill*         0x080075fd        0x3 
 .rodata        0x08007600       0x58 ./MiddleWares/SEGGER/Sample/FreeRTOSV11/SEGGER_SYSVIEW_FreeRTOS.o
 *(.rodata*)
 .rodata.AHBPrescTable
                0x08007658       0x10 ./Core/Src/system_stm32f3xx.o
                0x08007658                AHBPrescTable
 .rodata.APBPrescTable
                0x08007668        0x8 ./Core/Src/system_stm32f3xx.o
                0x08007668                APBPrescTable
 .rodata.aPLLMULFactorTable
                0x08007670       0x10 ./Drivers/STM32F3xx_HAL_Driver/Src/stm32f3xx_hal_rcc.o
 .rodata.aPredivFactorTable
                0x08007680       0x10 ./Drivers/STM32F3xx_HAL_Driver/Src/stm32f3xx_hal_rcc.o
 .rodata.uxTopUsedPriority
                0x08007690        0x4 ./MiddleWares/FreeRTOS/tasks.o
 .rodata._aInitStr.0
                0x08007694       0x11 ./MiddleWares/SEGGER/RTT/RTT/SEGGER_RTT.o
 *fill*         0x080076a5        0x3 
 .rodata._abSync
                0x080076a8        0xa ./MiddleWares/SEGGER/SYSVIEW/SEGGER_SYSVIEW.o
 *fill*         0x080076b2        0x2 
 .rodata.SYSVIEW_X_OS_TraceAPI
                0x080076b4        0x8 ./MiddleWares/SEGGER/Sample/FreeRTOSV11/SEGGER_SYSVIEW_FreeRTOS.o
                0x080076b4                SYSVIEW_X_OS_TraceAPI
                0x080076bc                        . = ALIGN (0x4)

.ARM.extab      0x080076bc        0x0
                0x080076bc                        . = ALIGN (0x4)
 *(.ARM.extab* .gnu.linkonce.armextab.*)
                0x080076bc                        . = ALIGN (0x4)

.ARM            0x080076bc        0x0
                0x080076bc                        . = ALIGN (0x4)
                0x080076bc                        __exidx_start = .
 *(.ARM.exidx*)
                0x080076bc                        __exidx_end = .
                0x080076bc                        . = ALIGN (0x4)

.preinit_array  0x080076bc        0x0
                0x080076bc                        . = ALIGN (0x4)
                0x080076bc                        PROVIDE (__preinit_array_start = .)
 *(.preinit_array*)
                0x080076bc                        PROVIDE (__preinit_array_end = .)
                0x080076bc                        . = ALIGN (0x4)

.init_array     0x080076bc        0x4
                0x080076bc                        . = ALIGN (0x4)
                0x080076bc                        PROVIDE (__init_array_start = .)
 *(SORT_BY_NAME(.init_array.*))
 *(.init_array*)
 .init_array    0x080076bc        0x4 /Applications/STM32CubeIDE.app/Contents/Eclipse/plugins/com.st.stm32cube.ide.mcu.externaltools.gnu-tools-for-stm32.13.3.rel1.macos64_1.0.0.202411102158/tools/bin/../lib/gcc/arm-none-eabi/13.3.1/thumb/v7e-m+fp/hard/crtbegin.o
                0x080076c0                        PROVIDE (__init_array_end = .)
                0x080076c0                        . = ALIGN (0x4)

.fini_array     0x080076c0        0x4
                0x080076c0                        . = ALIGN (0x4)
                [!provide]                        PROVIDE (__fini_array_start = .)
 *(SORT_BY_NAME(.fini_array.*))
 *(.fini_array*)
 .fini_array    0x080076c0        0x4 /Applications/STM32CubeIDE.app/Contents/Eclipse/plugins/com.st.stm32cube.ide.mcu.externaltools.gnu-tools-for-stm32.13.3.rel1.macos64_1.0.0.202411102158/tools/bin/../lib/gcc/arm-none-eabi/13.3.1/thumb/v7e-m+fp/hard/crtbegin.o
                [!provide]                        PROVIDE (__fini_array_end = .)
                0x080076c4                        . = ALIGN (0x4)
                0x080076c4                        _sidata = LOADADDR (.data)

.rel.dyn        0x080076c4        0x0
 .rel.iplt      0x080076c4        0x0 /Applications/STM32CubeIDE.app/Contents/Eclipse/plugins/com.st.stm32cube.ide.mcu.externaltools.gnu-tools-for-stm32.13.3.rel1.macos64_1.0.0.202411102158/tools/bin/../lib/gcc/arm-none-eabi/13.3.1/thumb/v7e-m+fp/hard/crtbegin.o

.data           0x20000000       0x10 load address 0x080076c4
                0x20000000                        . = ALIGN (0x4)
                0x20000000                        _sdata = .
 *(.data)
 *(.data*)
 .data.SystemCoreClock
                0x20000000        0x4 ./Core/Src/system_stm32f3xx.o
                0x20000000                SystemCoreClock
 .data.uwTickPrio
                0x20000004        0x4 ./Drivers/STM32F3xx_HAL_Driver/Src/stm32f3xx_hal.o
                0x20000004                uwTickPrio
 .data.uwTickFreq
                0x20000008        0x1 ./Drivers/STM32F3xx_HAL_Driver/Src/stm32f3xx_hal.o
                0x20000008                uwTickFreq
 *fill*         0x20000009        0x3 
 .data.uxCriticalNesting
                0x2000000c        0x4 ./MiddleWares/FreeRTOS/portable/GCC/ARM_CM4F/port.o
 *(.RamFunc)
 *(.RamFunc*)
                0x20000010                        . = ALIGN (0x4)
                0x20000010                        _edata = .
                0x080076d4                        _siccmram = LOADADDR (.ccmram)

.igot.plt       0x20000010        0x0 load address 0x080076d4
 .igot.plt      0x20000010        0x0 /Applications/STM32CubeIDE.app/Contents/Eclipse/plugins/com.st.stm32cube.ide.mcu.externaltools.gnu-tools-for-stm32.13.3.rel1.macos64_1.0.0.202411102158/tools/bin/../lib/gcc/arm-none-eabi/13.3.1/thumb/v7e-m+fp/hard/crtbegin.o

.ccmram         0x10000000        0x0 load address 0x080076d4
                0x10000000                        . = ALIGN (0x4)
                0x10000000                        _sccmram = .
 *(.ccmram)
 *(.ccmram*)
                0x10000000                        . = ALIGN (0x4)
                0x10000000                        _eccmram = .
                0x10000000                        . = ALIGN (0x4)

.bss            0x20000010     0x912c
                0x20000010                        _sbss = .
                0x20000010                        __bss_start__ = _sbss
 *(.bss)
 .bss           0x20000010       0x1c /Applications/STM32CubeIDE.app/Contents/Eclipse/plugins/com.st.stm32cube.ide.mcu.externaltools.gnu-tools-for-stm32.13.3.rel1.macos64_1.0.0.202411102158/tools/bin/../lib/gcc/arm-none-eabi/13.3.1/thumb/v7e-m+fp/hard/crtbegin.o
 *(.bss*)
 .bss.hcrc      0x2000002c       0x24 ./Core/Src/main.o
                0x2000002c                hcrc
 .bss.huart3    0x20000050       0x88 ./Core/Src/main.o
                0x20000050                huart3
 .bss.hdma_usart3_tx
                0x200000d8       0x44 ./Core/Src/main.o
                0x200000d8                hdma_usart3_tx
 .bss.uwTick    0x2000011c        0x4 ./Drivers/STM32F3xx_HAL_Driver/Src/stm32f3xx_hal.o
                0x2000011c                uwTick
 .bss.xQueueRegistry
                0x20000120       0x40 ./MiddleWares/FreeRTOS/queue.o
                0x20000120                xQueueRegistry
 .bss.pxCurrentTCB
                0x20000160        0x4 ./MiddleWares/FreeRTOS/tasks.o
                0x20000160                pxCurrentTCB
 .bss.pxReadyTasksLists
                0x20000164       0x64 ./MiddleWares/FreeRTOS/tasks.o
 .bss.xDelayedTaskList1
                0x200001c8       0x14 ./MiddleWares/FreeRTOS/tasks.o
 .bss.xDelayedTaskList2
                0x200001dc       0x14 ./MiddleWares/FreeRTOS/tasks.o
 .bss.pxDelayedTaskList
                0x200001f0        0x4 ./MiddleWares/FreeRTOS/tasks.o
 .bss.pxOverflowDelayedTaskList
                0x200001f4        0x4 ./MiddleWares/FreeRTOS/tasks.o
 .bss.xPendingReadyList
                0x200001f8       0x14 ./MiddleWares/FreeRTOS/tasks.o
 .bss.xTasksWaitingTermination
                0x2000020c       0x14 ./MiddleWares/FreeRTOS/tasks.o
 .bss.uxDeletedTasksWaitingCleanUp
                0x20000220        0x4 ./MiddleWares/FreeRTOS/tasks.o
 .bss.xSuspendedTaskList
                0x20000224       0x14 ./MiddleWares/FreeRTOS/tasks.o
 .bss.uxCurrentNumberOfTasks
                0x20000238        0x4 ./MiddleWares/FreeRTOS/tasks.o
 .bss.xTickCount
                0x2000023c        0x4 ./MiddleWares/FreeRTOS/tasks.o
 .bss.uxTopReadyPriority
                0x20000240        0x4 ./MiddleWares/FreeRTOS/tasks.o
 .bss.xSchedulerRunning
                0x20000244        0x4 ./MiddleWares/FreeRTOS/tasks.o
 .bss.xPendedTicks
                0x20000248        0x4 ./MiddleWares/FreeRTOS/tasks.o
 .bss.xYieldPendings
                0x2000024c        0x4 ./MiddleWares/FreeRTOS/tasks.o
 .bss.xNumOfOverflows
                0x20000250        0x4 ./MiddleWares/FreeRTOS/tasks.o
 .bss.uxTaskNumber
                0x20000254        0x4 ./MiddleWares/FreeRTOS/tasks.o
 .bss.xNextTaskUnblockTime
                0x20000258        0x4 ./MiddleWares/FreeRTOS/tasks.o
 .bss.xIdleTaskHandles
                0x2000025c        0x4 ./MiddleWares/FreeRTOS/tasks.o
 .bss.uxSchedulerSuspended
                0x20000260        0x4 ./MiddleWares/FreeRTOS/tasks.o
 .bss.xActiveTimerList1
                0x20000264       0x14 ./MiddleWares/FreeRTOS/timers.o
 .bss.xActiveTimerList2
                0x20000278       0x14 ./MiddleWares/FreeRTOS/timers.o
 .bss.pxCurrentTimerList
                0x2000028c        0x4 ./MiddleWares/FreeRTOS/timers.o
 .bss.pxOverflowTimerList
                0x20000290        0x4 ./MiddleWares/FreeRTOS/timers.o
 .bss.xTimerQueue
                0x20000294        0x4 ./MiddleWares/FreeRTOS/timers.o
 .bss.xTimerTaskHandle
                0x20000298        0x4 ./MiddleWares/FreeRTOS/timers.o
 .bss.xLastTime.0
                0x2000029c        0x4 ./MiddleWares/FreeRTOS/timers.o
 .bss.ucMaxSysCallPriority
                0x200002a0        0x1 ./MiddleWares/FreeRTOS/portable/GCC/ARM_CM4F/port.o
 *fill*         0x200002a1        0x3 
 .bss.ulMaxPRIGROUPValue
                0x200002a4        0x4 ./MiddleWares/FreeRTOS/portable/GCC/ARM_CM4F/port.o
 .bss.ucHeap    0x200002a8     0x7800 ./MiddleWares/FreeRTOS/portable/MemMang/heap_4.o
 .bss.xStart    0x20007aa8        0x8 ./MiddleWares/FreeRTOS/portable/MemMang/heap_4.o
 .bss.pxEnd     0x20007ab0        0x4 ./MiddleWares/FreeRTOS/portable/MemMang/heap_4.o
 .bss.xFreeBytesRemaining
                0x20007ab4        0x4 ./MiddleWares/FreeRTOS/portable/MemMang/heap_4.o
 .bss.xMinimumEverFreeBytesRemaining
                0x20007ab8        0x4 ./MiddleWares/FreeRTOS/portable/MemMang/heap_4.o
 .bss.xNumberOfSuccessfulAllocations
                0x20007abc        0x4 ./MiddleWares/FreeRTOS/portable/MemMang/heap_4.o
 .bss.xNumberOfSuccessfulFrees
                0x20007ac0        0x4 ./MiddleWares/FreeRTOS/portable/MemMang/heap_4.o
 .bss._SEGGER_RTT
                0x20007ac4       0xa8 ./MiddleWares/SEGGER/RTT/RTT/SEGGER_RTT.o
                0x20007ac4                _SEGGER_RTT
 .bss._acUpBuffer
                0x20007b6c      0x400 ./MiddleWares/SEGGER/RTT/RTT/SEGGER_RTT.o
 .bss._acDownBuffer
                0x20007f6c       0x10 ./MiddleWares/SEGGER/RTT/RTT/SEGGER_RTT.o
 .bss._UpBuffer
                0x20007f7c     0x1000 ./MiddleWares/SEGGER/SYSVIEW/SEGGER_SYSVIEW.o
 .bss._DownBuffer
                0x20008f7c        0x8 ./MiddleWares/SEGGER/SYSVIEW/SEGGER_SYSVIEW.o
 .bss._SYSVIEW_Globals
                0x20008f84       0x28 ./MiddleWares/SEGGER/SYSVIEW/SEGGER_SYSVIEW.o
 .bss._pFirstModule
                0x20008fac        0x4 ./MiddleWares/SEGGER/SYSVIEW/SEGGER_SYSVIEW.o
 .bss._NumModules
                0x20008fb0        0x1 ./MiddleWares/SEGGER/SYSVIEW/SEGGER_SYSVIEW.o
 *fill*         0x20008fb1        0x3 
 .bss._aPacket  0x20008fb4       0xe3 ./MiddleWares/SEGGER/SYSVIEW/SEGGER_SYSVIEW.o
 *fill*         0x20009097        0x1 
 .bss._aTasks   0x20009098       0xa0 ./MiddleWares/SEGGER/Sample/FreeRTOSV11/SEGGER_SYSVIEW_FreeRTOS.o
 .bss._NumTasks
                0x20009138        0x4 ./MiddleWares/SEGGER/Sample/FreeRTOSV11/SEGGER_SYSVIEW_FreeRTOS.o
 *(COMMON)
                0x2000913c                        . = ALIGN (0x4)
                0x2000913c                        _ebss = .
                0x2000913c                        __bss_end__ = _ebss

._user_heap_stack
                0x2000913c      0x604
                0x20009140                        . = ALIGN (0x8)
 *fill*         0x2000913c        0x4 
                [!provide]                        PROVIDE (end = .)
                0x20009140                        PROVIDE (_end = .)
                0x20009340                        . = (. + _Min_Heap_Size)
 *fill*         0x20009140      0x200 
                0x20009740                        . = (. + _Min_Stack_Size)
 *fill*         0x20009340      0x400 
                0x20009740                        . = ALIGN (0x8)

/DISCARD/
 libc.a(*)
 libm.a(*)
 libgcc.a(*)

.ARM.attributes
                0x00000000       0x30
 *(.ARM.attributes)
 .ARM.attributes
                0x00000000       0x22 /Applications/STM32CubeIDE.app/Contents/Eclipse/plugins/com.st.stm32cube.ide.mcu.externaltools.gnu-tools-for-stm32.13.3.rel1.macos64_1.0.0.202411102158/tools/bin/../lib/gcc/arm-none-eabi/13.3.1/thumb/v7e-m+fp/hard/crti.o
 .ARM.attributes
                0x00000022       0x34 /Applications/STM32CubeIDE.app/Contents/Eclipse/plugins/com.st.stm32cube.ide.mcu.externaltools.gnu-tools-for-stm32.13.3.rel1.macos64_1.0.0.202411102158/tools/bin/../lib/gcc/arm-none-eabi/13.3.1/thumb/v7e-m+fp/hard/crtbegin.o
 .ARM.attributes
                0x00000056       0x34 ./Core/Src/main.o
 .ARM.attributes
                0x0000008a       0x34 ./Core/Src/stm32f3xx_hal_msp.o
 .ARM.attributes
                0x000000be       0x34 ./Core/Src/stm32f3xx_it.o
 .ARM.attributes
                0x000000f2       0x34 ./Core/Src/system_stm32f3xx.o
 .ARM.attributes
                0x00000126       0x21 ./Core/Startup/startup_stm32f303retx.o
 .ARM.attributes
                0x00000147       0x34 ./Drivers/STM32F3xx_HAL_Driver/Src/stm32f3xx_hal.o
 .ARM.attributes
                0x0000017b       0x34 ./Drivers/STM32F3xx_HAL_Driver/Src/stm32f3xx_hal_cortex.o
 .ARM.attributes
                0x000001af       0x34 ./Drivers/STM32F3xx_HAL_Driver/Src/stm32f3xx_hal_crc.o
 .ARM.attributes
                0x000001e3       0x34 ./Drivers/STM32F3xx_HAL_Driver/Src/stm32f3xx_hal_crc_ex.o
 .ARM.attributes
                0x00000217       0x34 ./Drivers/STM32F3xx_HAL_Driver/Src/stm32f3xx_hal_dma.o
 .ARM.attributes
                0x0000024b       0x34 ./Drivers/STM32F3xx_HAL_Driver/Src/stm32f3xx_hal_gpio.o
 .ARM.attributes
                0x0000027f       0x34 ./Drivers/STM32F3xx_HAL_Driver/Src/stm32f3xx_hal_rcc.o
 .ARM.attributes
                0x000002b3       0x34 ./Drivers/STM32F3xx_HAL_Driver/Src/stm32f3xx_hal_rcc_ex.o
 .ARM.attributes
                0x000002e7       0x34 ./Drivers/STM32F3xx_HAL_Driver/Src/stm32f3xx_hal_uart.o
 .ARM.attributes
                0x0000031b       0x34 ./MiddleWares/FreeRTOS/list.o
 .ARM.attributes
                0x0000034f       0x34 ./MiddleWares/FreeRTOS/queue.o
 .ARM.attributes
                0x00000383       0x34 ./MiddleWares/FreeRTOS/tasks.o
 .ARM.attributes
                0x000003b7       0x34 ./MiddleWares/FreeRTOS/timers.o
 .ARM.attributes
                0x000003eb       0x34 ./MiddleWares/FreeRTOS/portable/GCC/ARM_CM4F/port.o
 .ARM.attributes
                0x0000041f       0x34 ./MiddleWares/FreeRTOS/portable/MemMang/heap_4.o
 .ARM.attributes
                0x00000453       0x34 ./MiddleWares/SEGGER/RTT/RTT/SEGGER_RTT.o
 .ARM.attributes
                0x00000487       0x20 ./MiddleWares/SEGGER/RTT/RTT/SEGGER_RTT_ASM_ARMv7M.o
 .ARM.attributes
                0x000004a7       0x34 ./MiddleWares/SEGGER/SYSVIEW/SEGGER_SYSVIEW.o
 .ARM.attributes
                0x000004db       0x34 ./MiddleWares/SEGGER/Sample/FreeRTOSV11/Config/Cortex-M/SEGGER_SYSVIEW_Config_FreeRTOS.o
 .ARM.attributes
                0x0000050f       0x34 ./MiddleWares/SEGGER/Sample/FreeRTOSV11/SEGGER_SYSVIEW_FreeRTOS.o
 .ARM.attributes
                0x00000543       0x34 /Applications/STM32CubeIDE.app/Contents/Eclipse/plugins/com.st.stm32cube.ide.mcu.externaltools.gnu-tools-for-stm32.13.3.rel1.macos64_1.0.0.202411102158/tools/bin/../lib/gcc/arm-none-eabi/13.3.1/../../../../arm-none-eabi/lib/thumb/v7e-m+fp/hard/libc_nano.a(libc_a-memcmp.o)
 .ARM.attributes
                0x00000577       0x34 /Applications/STM32CubeIDE.app/Contents/Eclipse/plugins/com.st.stm32cube.ide.mcu.externaltools.gnu-tools-for-stm32.13.3.rel1.macos64_1.0.0.202411102158/tools/bin/../lib/gcc/arm-none-eabi/13.3.1/../../../../arm-none-eabi/lib/thumb/v7e-m+fp/hard/libc_nano.a(libc_a-memset.o)
 .ARM.attributes
                0x000005ab       0x34 /Applications/STM32CubeIDE.app/Contents/Eclipse/plugins/com.st.stm32cube.ide.mcu.externaltools.gnu-tools-for-stm32.13.3.rel1.macos64_1.0.0.202411102158/tools/bin/../lib/gcc/arm-none-eabi/13.3.1/../../../../arm-none-eabi/lib/thumb/v7e-m+fp/hard/libc_nano.a(libc_a-init.o)
 .ARM.attributes
                0x000005df       0x34 /Applications/STM32CubeIDE.app/Contents/Eclipse/plugins/com.st.stm32cube.ide.mcu.externaltools.gnu-tools-for-stm32.13.3.rel1.macos64_1.0.0.202411102158/tools/bin/../lib/gcc/arm-none-eabi/13.3.1/../../../../arm-none-eabi/lib/thumb/v7e-m+fp/hard/libc_nano.a(libc_a-memcpy-stub.o)
 .ARM.attributes
                0x00000613       0x22 /Applications/STM32CubeIDE.app/Contents/Eclipse/plugins/com.st.stm32cube.ide.mcu.externaltools.gnu-tools-for-stm32.13.3.rel1.macos64_1.0.0.202411102158/tools/bin/../lib/gcc/arm-none-eabi/13.3.1/thumb/v7e-m+fp/hard/crtn.o
OUTPUT(06_Heap_653.elf elf32-littlearm)
LOAD linker stubs
LOAD /Applications/STM32CubeIDE.app/Contents/Eclipse/plugins/com.st.stm32cube.ide.mcu.externaltools.gnu-tools-for-stm32.13.3.rel1.macos64_1.0.0.202411102158/tools/bin/../lib/gcc/arm-none-eabi/13.3.1/../../../../arm-none-eabi/lib/thumb/v7e-m+fp/hard/libc.a
LOAD /Applications/STM32CubeIDE.app/Contents/Eclipse/plugins/com.st.stm32cube.ide.mcu.externaltools.gnu-tools-for-stm32.13.3.rel1.macos64_1.0.0.202411102158/tools/bin/../lib/gcc/arm-none-eabi/13.3.1/../../../../arm-none-eabi/lib/thumb/v7e-m+fp/hard/libm.a
LOAD /Applications/STM32CubeIDE.app/Contents/Eclipse/plugins/com.st.stm32cube.ide.mcu.externaltools.gnu-tools-for-stm32.13.3.rel1.macos64_1.0.0.202411102158/tools/bin/../lib/gcc/arm-none-eabi/13.3.1/thumb/v7e-m+fp/hard/libgcc.a

.debug_info     0x00000000    0x163a0
 .debug_info    0x00000000     0x13b4 ./Core/Src/main.o
 .debug_info    0x000013b4      0xb62 ./Core/Src/stm32f3xx_hal_msp.o
 .debug_info    0x00001f16      0x330 ./Core/Src/stm32f3xx_it.o
 .debug_info    0x00002246      0x407 ./Core/Src/system_stm32f3xx.o
 .debug_info    0x0000264d       0x30 ./Core/Startup/startup_stm32f303retx.o
 .debug_info    0x0000267d      0x804 ./Drivers/STM32F3xx_HAL_Driver/Src/stm32f3xx_hal.o
 .debug_info    0x00002e81      0xd14 ./Drivers/STM32F3xx_HAL_Driver/Src/stm32f3xx_hal_cortex.o
 .debug_info    0x00003b95      0x530 ./Drivers/STM32F3xx_HAL_Driver/Src/stm32f3xx_hal_crc.o
 .debug_info    0x000040c5      0x35b ./Drivers/STM32F3xx_HAL_Driver/Src/stm32f3xx_hal_crc_ex.o
 .debug_info    0x00004420      0x6e1 ./Drivers/STM32F3xx_HAL_Driver/Src/stm32f3xx_hal_dma.o
 .debug_info    0x00004b01      0x6a6 ./Drivers/STM32F3xx_HAL_Driver/Src/stm32f3xx_hal_gpio.o
 .debug_info    0x000051a7     0x149a ./Drivers/STM32F3xx_HAL_Driver/Src/stm32f3xx_hal_rcc.o
 .debug_info    0x00006641      0x61b ./Drivers/STM32F3xx_HAL_Driver/Src/stm32f3xx_hal_rcc_ex.o
 .debug_info    0x00006c5c     0x39a8 ./Drivers/STM32F3xx_HAL_Driver/Src/stm32f3xx_hal_uart.o
 .debug_info    0x0000a604      0x2d8 ./MiddleWares/FreeRTOS/list.o
 .debug_info    0x0000a8dc     0x18f3 ./MiddleWares/FreeRTOS/queue.o
 .debug_info    0x0000c1cf     0x2915 ./MiddleWares/FreeRTOS/tasks.o
 .debug_info    0x0000eae4      0xf50 ./MiddleWares/FreeRTOS/timers.o
 .debug_info    0x0000fa34      0x5a3 ./MiddleWares/FreeRTOS/portable/GCC/ARM_CM4F/port.o
 .debug_info    0x0000ffd7      0x5de ./MiddleWares/FreeRTOS/portable/MemMang/heap_4.o
 .debug_info    0x000105b5     0x14d5 ./MiddleWares/SEGGER/RTT/RTT/SEGGER_RTT.o
 .debug_info    0x00011a8a       0x25 ./MiddleWares/SEGGER/RTT/RTT/SEGGER_RTT_ASM_ARMv7M.o
 .debug_info    0x00011aaf     0x434a ./MiddleWares/SEGGER/SYSVIEW/SEGGER_SYSVIEW.o
 .debug_info    0x00015df9      0x181 ./MiddleWares/SEGGER/Sample/FreeRTOSV11/Config/Cortex-M/SEGGER_SYSVIEW_Config_FreeRTOS.o
 .debug_info    0x00015f7a      0x426 ./MiddleWares/SEGGER/Sample/FreeRTOSV11/SEGGER_SYSVIEW_FreeRTOS.o

.debug_abbrev   0x00000000     0x329f
 .debug_abbrev  0x00000000      0x28c ./Core/Src/main.o
 .debug_abbrev  0x0000028c      0x203 ./Core/Src/stm32f3xx_hal_msp.o
 .debug_abbrev  0x0000048f      0x159 ./Core/Src/stm32f3xx_it.o
 .debug_abbrev  0x000005e8      0x11a ./Core/Src/system_stm32f3xx.o
 .debug_abbrev  0x00000702       0x24 ./Core/Startup/startup_stm32f303retx.o
 .debug_abbrev  0x00000726      0x215 ./Drivers/STM32F3xx_HAL_Driver/Src/stm32f3xx_hal.o
 .debug_abbrev  0x0000093b      0x31e ./Drivers/STM32F3xx_HAL_Driver/Src/stm32f3xx_hal_cortex.o
 .debug_abbrev  0x00000c59      0x1ee ./Drivers/STM32F3xx_HAL_Driver/Src/stm32f3xx_hal_crc.o
 .debug_abbrev  0x00000e47      0x151 ./Drivers/STM32F3xx_HAL_Driver/Src/stm32f3xx_hal_crc_ex.o
 .debug_abbrev  0x00000f98      0x20d ./Drivers/STM32F3xx_HAL_Driver/Src/stm32f3xx_hal_dma.o
 .debug_abbrev  0x000011a5      0x1ca ./Drivers/STM32F3xx_HAL_Driver/Src/stm32f3xx_hal_gpio.o
 .debug_abbrev  0x0000136f      0x300 ./Drivers/STM32F3xx_HAL_Driver/Src/stm32f3xx_hal_rcc.o
 .debug_abbrev  0x0000166f      0x221 ./Drivers/STM32F3xx_HAL_Driver/Src/stm32f3xx_hal_rcc_ex.o
 .debug_abbrev  0x00001890      0x2d1 ./Drivers/STM32F3xx_HAL_Driver/Src/stm32f3xx_hal_uart.o
 .debug_abbrev  0x00001b61      0x10c ./MiddleWares/FreeRTOS/list.o
 .debug_abbrev  0x00001c6d      0x305 ./MiddleWares/FreeRTOS/queue.o
 .debug_abbrev  0x00001f72      0x3a1 ./MiddleWares/FreeRTOS/tasks.o
 .debug_abbrev  0x00002313      0x2b8 ./MiddleWares/FreeRTOS/timers.o
 .debug_abbrev  0x000025cb      0x248 ./MiddleWares/FreeRTOS/portable/GCC/ARM_CM4F/port.o
 .debug_abbrev  0x00002813      0x25a ./MiddleWares/FreeRTOS/portable/MemMang/heap_4.o
 .debug_abbrev  0x00002a6d      0x230 ./MiddleWares/SEGGER/RTT/RTT/SEGGER_RTT.o
 .debug_abbrev  0x00002c9d       0x14 ./MiddleWares/SEGGER/RTT/RTT/SEGGER_RTT_ASM_ARMv7M.o
 .debug_abbrev  0x00002cb1      0x340 ./MiddleWares/SEGGER/SYSVIEW/SEGGER_SYSVIEW.o
 .debug_abbrev  0x00002ff1       0xee ./MiddleWares/SEGGER/Sample/FreeRTOSV11/Config/Cortex-M/SEGGER_SYSVIEW_Config_FreeRTOS.o
 .debug_abbrev  0x000030df      0x1c0 ./MiddleWares/SEGGER/Sample/FreeRTOSV11/SEGGER_SYSVIEW_FreeRTOS.o

.debug_aranges  0x00000000     0x1200
 .debug_aranges
                0x00000000       0x60 ./Core/Src/main.o
 .debug_aranges
                0x00000060       0x40 ./Core/Src/stm32f3xx_hal_msp.o
 .debug_aranges
                0x000000a0       0x50 ./Core/Src/stm32f3xx_it.o
 .debug_aranges
                0x000000f0       0x28 ./Core/Src/system_stm32f3xx.o
 .debug_aranges
                0x00000118       0x28 ./Core/Startup/startup_stm32f303retx.o
 .debug_aranges
                0x00000140       0xe0 ./Drivers/STM32F3xx_HAL_Driver/Src/stm32f3xx_hal.o
 .debug_aranges
                0x00000220      0x128 ./Drivers/STM32F3xx_HAL_Driver/Src/stm32f3xx_hal_cortex.o
 .debug_aranges
                0x00000348       0x60 ./Drivers/STM32F3xx_HAL_Driver/Src/stm32f3xx_hal_crc.o
 .debug_aranges
                0x000003a8       0x30 ./Drivers/STM32F3xx_HAL_Driver/Src/stm32f3xx_hal_crc_ex.o
 .debug_aranges
                0x000003d8       0x88 ./Drivers/STM32F3xx_HAL_Driver/Src/stm32f3xx_hal_dma.o
 .debug_aranges
                0x00000460       0x58 ./Drivers/STM32F3xx_HAL_Driver/Src/stm32f3xx_hal_gpio.o
 .debug_aranges
                0x000004b8       0x88 ./Drivers/STM32F3xx_HAL_Driver/Src/stm32f3xx_hal_rcc.o
 .debug_aranges
                0x00000540       0x38 ./Drivers/STM32F3xx_HAL_Driver/Src/stm32f3xx_hal_rcc_ex.o
 .debug_aranges
                0x00000578      0x228 ./Drivers/STM32F3xx_HAL_Driver/Src/stm32f3xx_hal_uart.o
 .debug_aranges
                0x000007a0       0x40 ./MiddleWares/FreeRTOS/list.o
 .debug_aranges
                0x000007e0      0x140 ./MiddleWares/FreeRTOS/queue.o
 .debug_aranges
                0x00000920      0x238 ./MiddleWares/FreeRTOS/tasks.o
 .debug_aranges
                0x00000b58       0xf8 ./MiddleWares/FreeRTOS/timers.o
 .debug_aranges
                0x00000c50       0x80 ./MiddleWares/FreeRTOS/portable/GCC/ARM_CM4F/port.o
 .debug_aranges
                0x00000cd0       0x68 ./MiddleWares/FreeRTOS/portable/MemMang/heap_4.o
 .debug_aranges
                0x00000d38      0x138 ./MiddleWares/SEGGER/RTT/RTT/SEGGER_RTT.o
 .debug_aranges
                0x00000e70       0x20 ./MiddleWares/SEGGER/RTT/RTT/SEGGER_RTT_ASM_ARMv7M.o
 .debug_aranges
                0x00000e90      0x300 ./MiddleWares/SEGGER/SYSVIEW/SEGGER_SYSVIEW.o
 .debug_aranges
                0x00001190       0x28 ./MiddleWares/SEGGER/Sample/FreeRTOSV11/Config/Cortex-M/SEGGER_SYSVIEW_Config_FreeRTOS.o
 .debug_aranges
                0x000011b8       0x48 ./MiddleWares/SEGGER/Sample/FreeRTOSV11/SEGGER_SYSVIEW_FreeRTOS.o

.debug_rnglists
                0x00000000      0xdcc
 .debug_rnglists
                0x00000000       0x45 ./Core/Src/main.o
 .debug_rnglists
                0x00000045       0x2c ./Core/Src/stm32f3xx_hal_msp.o
 .debug_rnglists
                0x00000071       0x37 ./Core/Src/stm32f3xx_it.o
 .debug_rnglists
                0x000000a8       0x1a ./Core/Src/system_stm32f3xx.o
 .debug_rnglists
                0x000000c2       0x19 ./Core/Startup/startup_stm32f303retx.o
 .debug_rnglists
                0x000000db       0xa3 ./Drivers/STM32F3xx_HAL_Driver/Src/stm32f3xx_hal.o
 .debug_rnglists
                0x0000017e       0xda ./Drivers/STM32F3xx_HAL_Driver/Src/stm32f3xx_hal_cortex.o
 .debug_rnglists
                0x00000258       0x47 ./Drivers/STM32F3xx_HAL_Driver/Src/stm32f3xx_hal_crc.o
 .debug_rnglists
                0x0000029f       0x20 ./Drivers/STM32F3xx_HAL_Driver/Src/stm32f3xx_hal_crc_ex.o
 .debug_rnglists
                0x000002bf       0x69 ./Drivers/STM32F3xx_HAL_Driver/Src/stm32f3xx_hal_dma.o
 .debug_rnglists
                0x00000328       0x3f ./Drivers/STM32F3xx_HAL_Driver/Src/stm32f3xx_hal_gpio.o
 .debug_rnglists
                0x00000367       0x66 ./Drivers/STM32F3xx_HAL_Driver/Src/stm32f3xx_hal_rcc.o
 .debug_rnglists
                0x000003cd       0x29 ./Drivers/STM32F3xx_HAL_Driver/Src/stm32f3xx_hal_rcc_ex.o
 .debug_rnglists
                0x000003f6      0x1da ./Drivers/STM32F3xx_HAL_Driver/Src/stm32f3xx_hal_uart.o
 .debug_rnglists
                0x000005d0       0x2b ./MiddleWares/FreeRTOS/list.o
 .debug_rnglists
                0x000005fb       0xf8 ./MiddleWares/FreeRTOS/queue.o
 .debug_rnglists
                0x000006f3      0x1c8 ./MiddleWares/FreeRTOS/tasks.o
 .debug_rnglists
                0x000008bb       0xba ./MiddleWares/FreeRTOS/timers.o
 .debug_rnglists
                0x00000975       0x5d ./MiddleWares/FreeRTOS/portable/GCC/ARM_CM4F/port.o
 .debug_rnglists
                0x000009d2       0x4e ./MiddleWares/FreeRTOS/portable/MemMang/heap_4.o
 .debug_rnglists
                0x00000a20       0xf5 ./MiddleWares/SEGGER/RTT/RTT/SEGGER_RTT.o
 .debug_rnglists
                0x00000b15      0x268 ./MiddleWares/SEGGER/SYSVIEW/SEGGER_SYSVIEW.o
 .debug_rnglists
                0x00000d7d       0x19 ./MiddleWares/SEGGER/Sample/FreeRTOSV11/Config/Cortex-M/SEGGER_SYSVIEW_Config_FreeRTOS.o
 .debug_rnglists
                0x00000d96       0x36 ./MiddleWares/SEGGER/Sample/FreeRTOSV11/SEGGER_SYSVIEW_FreeRTOS.o

.debug_macro    0x00000000    0x2442e
 .debug_macro   0x00000000      0x388 ./Core/Src/main.o
 .debug_macro   0x00000388      0xad8 ./Core/Src/main.o
 .debug_macro   0x00000e60      0x15e ./Core/Src/main.o
 .debug_macro   0x00000fbe       0x2e ./Core/Src/main.o
 .debug_macro   0x00000fec       0x28 ./Core/Src/main.o
 .debug_macro   0x00001014       0x22 ./Core/Src/main.o
 .debug_macro   0x00001036       0x8e ./Core/Src/main.o
 .debug_macro   0x000010c4       0x51 ./Core/Src/main.o
 .debug_macro   0x00001115      0x103 ./Core/Src/main.o
 .debug_macro   0x00001218       0x6a ./Core/Src/main.o
 .debug_macro   0x00001282      0x1df ./Core/Src/main.o
 .debug_macro   0x00001461       0x1c ./Core/Src/main.o
 .debug_macro   0x0000147d       0x22 ./Core/Src/main.o
 .debug_macro   0x0000149f       0xd9 ./Core/Src/main.o
 .debug_macro   0x00001578     0x102d ./Core/Src/main.o
 .debug_macro   0x000025a5      0x11f ./Core/Src/main.o
 .debug_macro   0x000026c4    0x1535a ./Core/Src/main.o
 .debug_macro   0x00017a1e       0x6d ./Core/Src/main.o
 .debug_macro   0x00017a8b     0x3574 ./Core/Src/main.o
 .debug_macro   0x0001afff      0x190 ./Core/Src/main.o
 .debug_macro   0x0001b18f       0x55 ./Core/Src/main.o
 .debug_macro   0x0001b1e4      0x953 ./Core/Src/main.o
 .debug_macro   0x0001bb37      0x84a ./Core/Src/main.o
 .debug_macro   0x0001c381      0x1b5 ./Core/Src/main.o
 .debug_macro   0x0001c536      0x23a ./Core/Src/main.o
 .debug_macro   0x0001c770      0x1ea ./Core/Src/main.o
 .debug_macro   0x0001c95a      0x1bc ./Core/Src/main.o
 .debug_macro   0x0001cb16       0x30 ./Core/Src/main.o
 .debug_macro   0x0001cb46       0x3c ./Core/Src/main.o
 .debug_macro   0x0001cb82      0x235 ./Core/Src/main.o
 .debug_macro   0x0001cdb7       0xc7 ./Core/Src/main.o
 .debug_macro   0x0001ce7e       0x4c ./Core/Src/main.o
 .debug_macro   0x0001ceca       0xc5 ./Core/Src/main.o
 .debug_macro   0x0001cf8f      0x21d ./Core/Src/main.o
 .debug_macro   0x0001d1ac      0x22c ./Core/Src/main.o
 .debug_macro   0x0001d3d8       0x5b ./Core/Src/main.o
 .debug_macro   0x0001d433       0xa5 ./Core/Src/main.o
 .debug_macro   0x0001d4d8       0x81 ./Core/Src/main.o
 .debug_macro   0x0001d559       0xd3 ./Core/Src/main.o
 .debug_macro   0x0001d62c      0x5ba ./Core/Src/main.o
 .debug_macro   0x0001dbe6       0x44 ./Core/Src/main.o
 .debug_macro   0x0001dc2a      0x347 ./Core/Src/main.o
 .debug_macro   0x0001df71       0x16 ./Core/Src/main.o
 .debug_macro   0x0001df87      0x11a ./Core/Src/main.o
 .debug_macro   0x0001e0a1       0x58 ./Core/Src/main.o
 .debug_macro   0x0001e0f9       0x46 ./Core/Src/main.o
 .debug_macro   0x0001e13f       0x64 ./Core/Src/main.o
 .debug_macro   0x0001e1a3       0x49 ./Core/Src/main.o
 .debug_macro   0x0001e1ec       0xd1 ./Core/Src/main.o
 .debug_macro   0x0001e2bd      0x234 ./Core/Src/main.o
 .debug_macro   0x0001e4f1      0xf65 ./Core/Src/main.o
 .debug_macro   0x0001f456       0x1c ./Core/Src/main.o
 .debug_macro   0x0001f472      0x182 ./Core/Src/main.o
 .debug_macro   0x0001f5f4       0xee ./Core/Src/main.o
 .debug_macro   0x0001f6e2       0x2e ./Core/Src/main.o
 .debug_macro   0x0001f710       0x1f ./Core/Src/main.o
 .debug_macro   0x0001f72f       0x12 ./Core/Src/main.o
 .debug_macro   0x0001f741      0xbaf ./Core/Src/main.o
 .debug_macro   0x000202f0       0xc3 ./Core/Src/main.o
 .debug_macro   0x000203b3      0x14f ./Core/Src/main.o
 .debug_macro   0x00020502       0x61 ./Core/Src/main.o
 .debug_macro   0x00020563       0x2a ./Core/Src/main.o
 .debug_macro   0x0002058d       0x43 ./Core/Src/main.o
 .debug_macro   0x000205d0       0x34 ./Core/Src/main.o
 .debug_macro   0x00020604       0x16 ./Core/Src/main.o
 .debug_macro   0x0002061a       0x3c ./Core/Src/main.o
 .debug_macro   0x00020656      0x370 ./Core/Src/main.o
 .debug_macro   0x000209c6       0x16 ./Core/Src/main.o
 .debug_macro   0x000209dc       0x4a ./Core/Src/main.o
 .debug_macro   0x00020a26       0x34 ./Core/Src/main.o
 .debug_macro   0x00020a5a       0x10 ./Core/Src/main.o
 .debug_macro   0x00020a6a       0x58 ./Core/Src/main.o
 .debug_macro   0x00020ac2       0x8e ./Core/Src/main.o
 .debug_macro   0x00020b50       0x1c ./Core/Src/main.o
 .debug_macro   0x00020b6c      0x185 ./Core/Src/main.o
 .debug_macro   0x00020cf1       0x16 ./Core/Src/main.o
 .debug_macro   0x00020d07       0x16 ./Core/Src/main.o
 .debug_macro   0x00020d1d      0x146 ./Core/Src/main.o
 .debug_macro   0x00020e63       0x58 ./Core/Src/main.o
 .debug_macro   0x00020ebb      0x388 ./Core/Src/stm32f3xx_hal_msp.o
 .debug_macro   0x00021243      0x392 ./Core/Src/stm32f3xx_it.o
 .debug_macro   0x000215d5      0x1d7 ./Core/Src/system_stm32f3xx.o
 .debug_macro   0x000217ac      0x1fb ./Drivers/STM32F3xx_HAL_Driver/Src/stm32f3xx_hal.o
 .debug_macro   0x000219a7      0x1d7 ./Drivers/STM32F3xx_HAL_Driver/Src/stm32f3xx_hal_cortex.o
 .debug_macro   0x00021b7e      0x1d7 ./Drivers/STM32F3xx_HAL_Driver/Src/stm32f3xx_hal_crc.o
 .debug_macro   0x00021d55      0x1d7 ./Drivers/STM32F3xx_HAL_Driver/Src/stm32f3xx_hal_crc_ex.o
 .debug_macro   0x00021f2c      0x1d7 ./Drivers/STM32F3xx_HAL_Driver/Src/stm32f3xx_hal_dma.o
 .debug_macro   0x00022103      0x1de ./Drivers/STM32F3xx_HAL_Driver/Src/stm32f3xx_hal_gpio.o
 .debug_macro   0x000222e1      0x1fb ./Drivers/STM32F3xx_HAL_Driver/Src/stm32f3xx_hal_rcc.o
 .debug_macro   0x000224dc      0x1d7 ./Drivers/STM32F3xx_HAL_Driver/Src/stm32f3xx_hal_rcc_ex.o
 .debug_macro   0x000226b3      0x1f4 ./Drivers/STM32F3xx_HAL_Driver/Src/stm32f3xx_hal_uart.o
 .debug_macro   0x000228a7      0x204 ./MiddleWares/FreeRTOS/list.o
 .debug_macro   0x00022aab      0x29b ./MiddleWares/FreeRTOS/queue.o
 .debug_macro   0x00022d46       0x16 ./MiddleWares/FreeRTOS/queue.o
 .debug_macro   0x00022d5c       0x20 ./MiddleWares/FreeRTOS/queue.o
 .debug_macro   0x00022d7c       0x80 ./MiddleWares/FreeRTOS/queue.o
 .debug_macro   0x00022dfc      0x321 ./MiddleWares/FreeRTOS/tasks.o
 .debug_macro   0x0002311d       0x17 ./MiddleWares/FreeRTOS/tasks.o
 .debug_macro   0x00023134      0x253 ./MiddleWares/FreeRTOS/timers.o
 .debug_macro   0x00023387       0x9e ./MiddleWares/FreeRTOS/timers.o
 .debug_macro   0x00023425      0x231 ./MiddleWares/FreeRTOS/portable/GCC/ARM_CM4F/port.o
 .debug_macro   0x00023656      0x299 ./MiddleWares/FreeRTOS/portable/MemMang/heap_4.o
 .debug_macro   0x000238ef      0x1e8 ./MiddleWares/SEGGER/RTT/RTT/SEGGER_RTT.o
 .debug_macro   0x00023ad7       0x35 ./MiddleWares/SEGGER/RTT/RTT/SEGGER_RTT.o
 .debug_macro   0x00023b0c      0x138 ./MiddleWares/SEGGER/RTT/RTT/SEGGER_RTT.o
 .debug_macro   0x00023c44      0x25c ./MiddleWares/SEGGER/SYSVIEW/SEGGER_SYSVIEW.o
 .debug_macro   0x00023ea0      0x234 ./MiddleWares/SEGGER/SYSVIEW/SEGGER_SYSVIEW.o
 .debug_macro   0x000240d4      0x147 ./MiddleWares/SEGGER/Sample/FreeRTOSV11/Config/Cortex-M/SEGGER_SYSVIEW_Config_FreeRTOS.o
 .debug_macro   0x0002421b      0x213 ./MiddleWares/SEGGER/Sample/FreeRTOSV11/SEGGER_SYSVIEW_FreeRTOS.o

.debug_line     0x00000000    0x177cc
 .debug_line    0x00000000      0xe20 ./Core/Src/main.o
 .debug_line    0x00000e20      0xd31 ./Core/Src/stm32f3xx_hal_msp.o
 .debug_line    0x00001b51      0xd0c ./Core/Src/stm32f3xx_it.o
 .debug_line    0x0000285d      0x785 ./Core/Src/system_stm32f3xx.o
 .debug_line    0x00002fe2       0x7a ./Core/Startup/startup_stm32f303retx.o
 .debug_line    0x0000305c      0x9bc ./Drivers/STM32F3xx_HAL_Driver/Src/stm32f3xx_hal.o
 .debug_line    0x00003a18      0xc87 ./Drivers/STM32F3xx_HAL_Driver/Src/stm32f3xx_hal_cortex.o
 .debug_line    0x0000469f      0x9c5 ./Drivers/STM32F3xx_HAL_Driver/Src/stm32f3xx_hal_crc.o
 .debug_line    0x00005064      0x7c3 ./Drivers/STM32F3xx_HAL_Driver/Src/stm32f3xx_hal_crc_ex.o
 .debug_line    0x00005827      0xcaa ./Drivers/STM32F3xx_HAL_Driver/Src/stm32f3xx_hal_dma.o
 .debug_line    0x000064d1      0xb2f ./Drivers/STM32F3xx_HAL_Driver/Src/stm32f3xx_hal_gpio.o
 .debug_line    0x00007000     0x1533 ./Drivers/STM32F3xx_HAL_Driver/Src/stm32f3xx_hal_rcc.o
 .debug_line    0x00008533      0xf1f ./Drivers/STM32F3xx_HAL_Driver/Src/stm32f3xx_hal_rcc_ex.o
 .debug_line    0x00009452     0x2c38 ./Drivers/STM32F3xx_HAL_Driver/Src/stm32f3xx_hal_uart.o
 .debug_line    0x0000c08a      0xa55 ./MiddleWares/FreeRTOS/list.o
 .debug_line    0x0000cadf     0x199f ./MiddleWares/FreeRTOS/queue.o
 .debug_line    0x0000e47e     0x23a6 ./MiddleWares/FreeRTOS/tasks.o
 .debug_line    0x00010824     0x103c ./MiddleWares/FreeRTOS/timers.o
 .debug_line    0x00011860      0xb5a ./MiddleWares/FreeRTOS/portable/GCC/ARM_CM4F/port.o
 .debug_line    0x000123ba      0xdcf ./MiddleWares/FreeRTOS/portable/MemMang/heap_4.o
 .debug_line    0x00013189      0xeb9 ./MiddleWares/SEGGER/RTT/RTT/SEGGER_RTT.o
 .debug_line    0x00014042       0x86 ./MiddleWares/SEGGER/RTT/RTT/SEGGER_RTT_ASM_ARMv7M.o
 .debug_line    0x000140c8     0x23b0 ./MiddleWares/SEGGER/SYSVIEW/SEGGER_SYSVIEW.o
 .debug_line    0x00016478      0x82c ./MiddleWares/SEGGER/Sample/FreeRTOSV11/Config/Cortex-M/SEGGER_SYSVIEW_Config_FreeRTOS.o
 .debug_line    0x00016ca4      0xb28 ./MiddleWares/SEGGER/Sample/FreeRTOSV11/SEGGER_SYSVIEW_FreeRTOS.o

.debug_str      0x00000000    0xe145c
 .debug_str     0x00000000    0xe145c ./Core/Src/main.o
                              0xd906a (size before relaxing)
 .debug_str     0x000e145c    0xd870a ./Core/Src/stm32f3xx_hal_msp.o
 .debug_str     0x000e145c    0xd8241 ./Core/Src/stm32f3xx_it.o
 .debug_str     0x000e145c    0xbb1af ./Core/Src/system_stm32f3xx.o
 .debug_str     0x000e145c       0x99 ./Core/Startup/startup_stm32f303retx.o
 .debug_str     0x000e145c    0xbba58 ./Drivers/STM32F3xx_HAL_Driver/Src/stm32f3xx_hal.o
 .debug_str     0x000e145c    0xbbadc ./Drivers/STM32F3xx_HAL_Driver/Src/stm32f3xx_hal_cortex.o
 .debug_str     0x000e145c    0xbb36b ./Drivers/STM32F3xx_HAL_Driver/Src/stm32f3xx_hal_crc.o
 .debug_str     0x000e145c    0xbb325 ./Drivers/STM32F3xx_HAL_Driver/Src/stm32f3xx_hal_crc_ex.o
 .debug_str     0x000e145c    0xbb4f7 ./Drivers/STM32F3xx_HAL_Driver/Src/stm32f3xx_hal_dma.o
 .debug_str     0x000e145c    0xbb394 ./Drivers/STM32F3xx_HAL_Driver/Src/stm32f3xx_hal_gpio.o
 .debug_str     0x000e145c    0xbb653 ./Drivers/STM32F3xx_HAL_Driver/Src/stm32f3xx_hal_rcc.o
 .debug_str     0x000e145c    0xbb49d ./Drivers/STM32F3xx_HAL_Driver/Src/stm32f3xx_hal_rcc_ex.o
 .debug_str     0x000e145c    0xbbed2 ./Drivers/STM32F3xx_HAL_Driver/Src/stm32f3xx_hal_uart.o
 .debug_str     0x000e145c    0x1f79b ./MiddleWares/FreeRTOS/list.o
 .debug_str     0x000e145c    0x220fd ./MiddleWares/FreeRTOS/queue.o
 .debug_str     0x000e145c    0x2314d ./MiddleWares/FreeRTOS/tasks.o
 .debug_str     0x000e145c    0x223b0 ./MiddleWares/FreeRTOS/timers.o
 .debug_str     0x000e145c    0x1e25f ./MiddleWares/FreeRTOS/portable/GCC/ARM_CM4F/port.o
 .debug_str     0x000e145c    0x212b5 ./MiddleWares/FreeRTOS/portable/MemMang/heap_4.o
 .debug_str     0x000e145c     0x88bb ./MiddleWares/SEGGER/RTT/RTT/SEGGER_RTT.o
 .debug_str     0x000e145c       0x99 ./MiddleWares/SEGGER/RTT/RTT/SEGGER_RTT_ASM_ARMv7M.o
 .debug_str     0x000e145c     0xad16 ./MiddleWares/SEGGER/SYSVIEW/SEGGER_SYSVIEW.o
 .debug_str     0x000e145c    0x1b9a7 ./MiddleWares/SEGGER/Sample/FreeRTOSV11/Config/Cortex-M/SEGGER_SYSVIEW_Config_FreeRTOS.o
 .debug_str     0x000e145c    0x20bcf ./MiddleWares/SEGGER/Sample/FreeRTOSV11/SEGGER_SYSVIEW_FreeRTOS.o

.comment        0x00000000       0x43
 .comment       0x00000000       0x43 ./Core/Src/main.o
                                 0x44 (size before relaxing)
 .comment       0x00000043       0x44 ./Core/Src/stm32f3xx_hal_msp.o
 .comment       0x00000043       0x44 ./Core/Src/stm32f3xx_it.o
 .comment       0x00000043       0x44 ./Core/Src/system_stm32f3xx.o
 .comment       0x00000043       0x44 ./Drivers/STM32F3xx_HAL_Driver/Src/stm32f3xx_hal.o
 .comment       0x00000043       0x44 ./Drivers/STM32F3xx_HAL_Driver/Src/stm32f3xx_hal_cortex.o
 .comment       0x00000043       0x44 ./Drivers/STM32F3xx_HAL_Driver/Src/stm32f3xx_hal_crc.o
 .comment       0x00000043       0x44 ./Drivers/STM32F3xx_HAL_Driver/Src/stm32f3xx_hal_crc_ex.o
 .comment       0x00000043       0x44 ./Drivers/STM32F3xx_HAL_Driver/Src/stm32f3xx_hal_dma.o
 .comment       0x00000043       0x44 ./Drivers/STM32F3xx_HAL_Driver/Src/stm32f3xx_hal_gpio.o
 .comment       0x00000043       0x44 ./Drivers/STM32F3xx_HAL_Driver/Src/stm32f3xx_hal_rcc.o
 .comment       0x00000043       0x44 ./Drivers/STM32F3xx_HAL_Driver/Src/stm32f3xx_hal_rcc_ex.o
 .comment       0x00000043       0x44 ./Drivers/STM32F3xx_HAL_Driver/Src/stm32f3xx_hal_uart.o
 .comment       0x00000043       0x44 ./MiddleWares/FreeRTOS/list.o
 .comment       0x00000043       0x44 ./MiddleWares/FreeRTOS/queue.o
 .comment       0x00000043       0x44 ./MiddleWares/FreeRTOS/tasks.o
 .comment       0x00000043       0x44 ./MiddleWares/FreeRTOS/timers.o
 .comment       0x00000043       0x44 ./MiddleWares/FreeRTOS/portable/GCC/ARM_CM4F/port.o
 .comment       0x00000043       0x44 ./MiddleWares/FreeRTOS/portable/MemMang/heap_4.o
 .comment       0x00000043       0x44 ./MiddleWares/SEGGER/RTT/RTT/SEGGER_RTT.o
 .comment       0x00000043       0x44 ./MiddleWares/SEGGER/SYSVIEW/SEGGER_SYSVIEW.o
 .comment       0x00000043       0x44 ./MiddleWares/SEGGER/Sample/FreeRTOSV11/Config/Cortex-M/SEGGER_SYSVIEW_Config_FreeRTOS.o
 .comment       0x00000043       0x44 ./MiddleWares/SEGGER/Sample/FreeRTOSV11/SEGGER_SYSVIEW_FreeRTOS.o

.debug_frame    0x00000000     0x494c
 .debug_frame   0x00000000      0x130 ./Core/Src/main.o
 .debug_frame   0x00000130       0xcc ./Core/Src/stm32f3xx_hal_msp.o
 .debug_frame   0x000001fc       0xc4 ./Core/Src/stm32f3xx_it.o
 .debug_frame   0x000002c0       0x58 ./Core/Src/system_stm32f3xx.o
 .debug_frame   0x00000318      0x334 ./Drivers/STM32F3xx_HAL_Driver/Src/stm32f3xx_hal.o
 .debug_frame   0x0000064c      0x4e8 ./Drivers/STM32F3xx_HAL_Driver/Src/stm32f3xx_hal_cortex.o
 .debug_frame   0x00000b34      0x168 ./Drivers/STM32F3xx_HAL_Driver/Src/stm32f3xx_hal_crc.o
 .debug_frame   0x00000c9c       0x88 ./Drivers/STM32F3xx_HAL_Driver/Src/stm32f3xx_hal_crc_ex.o
 .debug_frame   0x00000d24      0x224 ./Drivers/STM32F3xx_HAL_Driver/Src/stm32f3xx_hal_dma.o
 .debug_frame   0x00000f48      0x14c ./Drivers/STM32F3xx_HAL_Driver/Src/stm32f3xx_hal_gpio.o
 .debug_frame   0x00001094      0x214 ./Drivers/STM32F3xx_HAL_Driver/Src/stm32f3xx_hal_rcc.o
 .debug_frame   0x000012a8       0xb0 ./Drivers/STM32F3xx_HAL_Driver/Src/stm32f3xx_hal_rcc_ex.o
 .debug_frame   0x00001358      0x9e8 ./Drivers/STM32F3xx_HAL_Driver/Src/stm32f3xx_hal_uart.o
 .debug_frame   0x00001d40       0xc4 ./MiddleWares/FreeRTOS/list.o
 .debug_frame   0x00001e04      0x564 ./MiddleWares/FreeRTOS/queue.o
 .debug_frame   0x00002368      0x9b0 ./MiddleWares/FreeRTOS/tasks.o
 .debug_frame   0x00002d18      0x3f4 ./MiddleWares/FreeRTOS/timers.o
 .debug_frame   0x0000310c      0x1a8 ./MiddleWares/FreeRTOS/portable/GCC/ARM_CM4F/port.o
 .debug_frame   0x000032b4      0x174 ./MiddleWares/FreeRTOS/portable/MemMang/heap_4.o
 .debug_frame   0x00003428      0x52c ./MiddleWares/SEGGER/RTT/RTT/SEGGER_RTT.o
 .debug_frame   0x00003954      0xe10 ./MiddleWares/SEGGER/SYSVIEW/SEGGER_SYSVIEW.o
 .debug_frame   0x00004764       0x48 ./MiddleWares/SEGGER/Sample/FreeRTOSV11/Config/Cortex-M/SEGGER_SYSVIEW_Config_FreeRTOS.o
 .debug_frame   0x000047ac      0x104 ./MiddleWares/SEGGER/Sample/FreeRTOSV11/SEGGER_SYSVIEW_FreeRTOS.o
 .debug_frame   0x000048b0       0x28 /Applications/STM32CubeIDE.app/Contents/Eclipse/plugins/com.st.stm32cube.ide.mcu.externaltools.gnu-tools-for-stm32.13.3.rel1.macos64_1.0.0.202411102158/tools/bin/../lib/gcc/arm-none-eabi/13.3.1/../../../../arm-none-eabi/lib/thumb/v7e-m+fp/hard/libc_nano.a(libc_a-memcmp.o)
 .debug_frame   0x000048d8       0x20 /Applications/STM32CubeIDE.app/Contents/Eclipse/plugins/com.st.stm32cube.ide.mcu.externaltools.gnu-tools-for-stm32.13.3.rel1.macos64_1.0.0.202411102158/tools/bin/../lib/gcc/arm-none-eabi/13.3.1/../../../../arm-none-eabi/lib/thumb/v7e-m+fp/hard/libc_nano.a(libc_a-memset.o)
 .debug_frame   0x000048f8       0x2c /Applications/STM32CubeIDE.app/Contents/Eclipse/plugins/com.st.stm32cube.ide.mcu.externaltools.gnu-tools-for-stm32.13.3.rel1.macos64_1.0.0.202411102158/tools/bin/../lib/gcc/arm-none-eabi/13.3.1/../../../../arm-none-eabi/lib/thumb/v7e-m+fp/hard/libc_nano.a(libc_a-init.o)
 .debug_frame   0x00004924       0x28 /Applications/STM32CubeIDE.app/Contents/Eclipse/plugins/com.st.stm32cube.ide.mcu.externaltools.gnu-tools-for-stm32.13.3.rel1.macos64_1.0.0.202411102158/tools/bin/../lib/gcc/arm-none-eabi/13.3.1/../../../../arm-none-eabi/lib/thumb/v7e-m+fp/hard/libc_nano.a(libc_a-memcpy-stub.o)

.debug_line_str
                0x00000000       0xb3
 .debug_line_str
                0x00000000       0xb3 ./Core/Startup/startup_stm32f303retx.o
                                 0x7d (size before relaxing)
 .debug_line_str
                0x000000b3       0x8b ./MiddleWares/SEGGER/RTT/RTT/SEGGER_RTT_ASM_ARMv7M.o
