11:03:18 **** Incremental Build of configuration Debug for project 01_FreeRTOS_Base ****
make -j7 all 
arm-none-eabi-gcc "../MiddleWares/FreeRTOS/portable/MemMang/heap_4.c" -mcpu=cortex-m4 -std=gnu11 -g3 -DDEBUG -DUSE_HAL_DRIVER -DSTM32F303xE -c -I../Core/Inc -I"/Users/hasantayfur/tasarim_ve_bitirme/bm_tasarim/FreeRTOS_ARINC653/01_FreeRTOS_Base/MiddleWares/FreeRTOS/portable/GCC/ARM_CM4F" -I"/Users/hasantayfur/tasarim_ve_bitirme/bm_tasarim/FreeRTOS_ARINC653/01_FreeRTOS_Base/MiddleWares/FreeRTOS/include" -I../Drivers/STM32F3xx_HAL_Driver/Inc/Legacy -I../Drivers/STM32F3xx_HAL_Driver/Inc -I../Drivers/CMSIS/Device/ST/STM32F3xx/Include -I../Drivers/CMSIS/Include -O0 -ffunction-sections -fdata-sections -Wall -fstack-usage -fcyclomatic-complexity -MMD -MP -MF"MiddleWares/FreeRTOS/portable/MemMang/heap_4.d" -MT"MiddleWares/FreeRTOS/portable/MemMang/heap_4.o" --specs=nano.specs -mfpu=fpv4-sp-d16 -mfloat-abi=hard -mthumb -o "MiddleWares/FreeRTOS/portable/MemMang/heap_4.o"
arm-none-eabi-gcc "../MiddleWares/FreeRTOS/portable/GCC/ARM_CM4F/port.c" -mcpu=cortex-m4 -std=gnu11 -g3 -DDEBUG -DUSE_HAL_DRIVER -DSTM32F303xE -c -I../Core/Inc -I"/Users/hasantayfur/tasarim_ve_bitirme/bm_tasarim/FreeRTOS_ARINC653/01_FreeRTOS_Base/MiddleWares/FreeRTOS/portable/GCC/ARM_CM4F" -I"/Users/hasantayfur/tasarim_ve_bitirme/bm_tasarim/FreeRTOS_ARINC653/01_FreeRTOS_Base/MiddleWares/FreeRTOS/include" -I../Drivers/STM32F3xx_HAL_Driver/Inc/Legacy -I../Drivers/STM32F3xx_HAL_Driver/Inc -I../Drivers/CMSIS/Device/ST/STM32F3xx/Include -I../Drivers/CMSIS/Include -O0 -ffunction-sections -fdata-sections -Wall -fstack-usage -fcyclomatic-complexity -MMD -MP -MF"MiddleWares/FreeRTOS/portable/GCC/ARM_CM4F/port.d" -MT"MiddleWares/FreeRTOS/portable/GCC/ARM_CM4F/port.o" --specs=nano.specs -mfpu=fpv4-sp-d16 -mfloat-abi=hard -mthumb -o "MiddleWares/FreeRTOS/portable/GCC/ARM_CM4F/port.o"
arm-none-eabi-gcc "../MiddleWares/FreeRTOS/croutine.c" -mcpu=cortex-m4 -std=gnu11 -g3 -DDEBUG -DUSE_HAL_DRIVER -DSTM32F303xE -c -I../Core/Inc -I"/Users/hasantayfur/tasarim_ve_bitirme/bm_tasarim/FreeRTOS_ARINC653/01_FreeRTOS_Base/MiddleWares/FreeRTOS/portable/GCC/ARM_CM4F" -I"/Users/hasantayfur/tasarim_ve_bitirme/bm_tasarim/FreeRTOS_ARINC653/01_FreeRTOS_Base/MiddleWares/FreeRTOS/include" -I../Drivers/STM32F3xx_HAL_Driver/Inc/Legacy -I../Drivers/STM32F3xx_HAL_Driver/Inc -I../Drivers/CMSIS/Device/ST/STM32F3xx/Include -I../Drivers/CMSIS/Include -O0 -ffunction-sections -fdata-sections -Wall -fstack-usage -fcyclomatic-complexity -MMD -MP -MF"MiddleWares/FreeRTOS/croutine.d" -MT"MiddleWares/FreeRTOS/croutine.o" --specs=nano.specs -mfpu=fpv4-sp-d16 -mfloat-abi=hard -mthumb -o "MiddleWares/FreeRTOS/croutine.o"
arm-none-eabi-gcc "../MiddleWares/FreeRTOS/event_groups.c" -mcpu=cortex-m4 -std=gnu11 -g3 -DDEBUG -DUSE_HAL_DRIVER -DSTM32F303xE -c -I../Core/Inc -I"/Users/hasantayfur/tasarim_ve_bitirme/bm_tasarim/FreeRTOS_ARINC653/01_FreeRTOS_Base/MiddleWares/FreeRTOS/portable/GCC/ARM_CM4F" -I"/Users/hasantayfur/tasarim_ve_bitirme/bm_tasarim/FreeRTOS_ARINC653/01_FreeRTOS_Base/MiddleWares/FreeRTOS/include" -I../Drivers/STM32F3xx_HAL_Driver/Inc/Legacy -I../Drivers/STM32F3xx_HAL_Driver/Inc -I../Drivers/CMSIS/Device/ST/STM32F3xx/Include -I../Drivers/CMSIS/Include -O0 -ffunction-sections -fdata-sections -Wall -fstack-usage -fcyclomatic-complexity -MMD -MP -MF"MiddleWares/FreeRTOS/event_groups.d" -MT"MiddleWares/FreeRTOS/event_groups.o" --specs=nano.specs -mfpu=fpv4-sp-d16 -mfloat-abi=hard -mthumb -o "MiddleWares/FreeRTOS/event_groups.o"
arm-none-eabi-gcc "../MiddleWares/FreeRTOS/list.c" -mcpu=cortex-m4 -std=gnu11 -g3 -DDEBUG -DUSE_HAL_DRIVER -DSTM32F303xE -c -I../Core/Inc -I"/Users/hasantayfur/tasarim_ve_bitirme/bm_tasarim/FreeRTOS_ARINC653/01_FreeRTOS_Base/MiddleWares/FreeRTOS/portable/GCC/ARM_CM4F" -I"/Users/hasantayfur/tasarim_ve_bitirme/bm_tasarim/FreeRTOS_ARINC653/01_FreeRTOS_Base/MiddleWares/FreeRTOS/include" -I../Drivers/STM32F3xx_HAL_Driver/Inc/Legacy -I../Drivers/STM32F3xx_HAL_Driver/Inc -I../Drivers/CMSIS/Device/ST/STM32F3xx/Include -I../Drivers/CMSIS/Include -O0 -ffunction-sections -fdata-sections -Wall -fstack-usage -fcyclomatic-complexity -MMD -MP -MF"MiddleWares/FreeRTOS/list.d" -MT"MiddleWares/FreeRTOS/list.o" --specs=nano.specs -mfpu=fpv4-sp-d16 -mfloat-abi=hard -mthumb -o "MiddleWares/FreeRTOS/list.o"
arm-none-eabi-gcc "../MiddleWares/FreeRTOS/queue.c" -mcpu=cortex-m4 -std=gnu11 -g3 -DDEBUG -DUSE_HAL_DRIVER -DSTM32F303xE -c -I../Core/Inc -I"/Users/hasantayfur/tasarim_ve_bitirme/bm_tasarim/FreeRTOS_ARINC653/01_FreeRTOS_Base/MiddleWares/FreeRTOS/portable/GCC/ARM_CM4F" -I"/Users/hasantayfur/tasarim_ve_bitirme/bm_tasarim/FreeRTOS_ARINC653/01_FreeRTOS_Base/MiddleWares/FreeRTOS/include" -I../Drivers/STM32F3xx_HAL_Driver/Inc/Legacy -I../Drivers/STM32F3xx_HAL_Driver/Inc -I../Drivers/CMSIS/Device/ST/STM32F3xx/Include -I../Drivers/CMSIS/Include -O0 -ffunction-sections -fdata-sections -Wall -fstack-usage -fcyclomatic-complexity -MMD -MP -MF"MiddleWares/FreeRTOS/queue.d" -MT"MiddleWares/FreeRTOS/queue.o" --specs=nano.specs -mfpu=fpv4-sp-d16 -mfloat-abi=hard -mthumb -o "MiddleWares/FreeRTOS/queue.o"
arm-none-eabi-gcc "../MiddleWares/FreeRTOS/stream_buffer.c" -mcpu=cortex-m4 -std=gnu11 -g3 -DDEBUG -DUSE_HAL_DRIVER -DSTM32F303xE -c -I../Core/Inc -I"/Users/hasantayfur/tasarim_ve_bitirme/bm_tasarim/FreeRTOS_ARINC653/01_FreeRTOS_Base/MiddleWares/FreeRTOS/portable/GCC/ARM_CM4F" -I"/Users/hasantayfur/tasarim_ve_bitirme/bm_tasarim/FreeRTOS_ARINC653/01_FreeRTOS_Base/MiddleWares/FreeRTOS/include" -I../Drivers/STM32F3xx_HAL_Driver/Inc/Legacy -I../Drivers/STM32F3xx_HAL_Driver/Inc -I../Drivers/CMSIS/Device/ST/STM32F3xx/Include -I../Drivers/CMSIS/Include -O0 -ffunction-sections -fdata-sections -Wall -fstack-usage -fcyclomatic-complexity -MMD -MP -MF"MiddleWares/FreeRTOS/stream_buffer.d" -MT"MiddleWares/FreeRTOS/stream_buffer.o" --specs=nano.specs -mfpu=fpv4-sp-d16 -mfloat-abi=hard -mthumb -o "MiddleWares/FreeRTOS/stream_buffer.o"
arm-none-eabi-gcc "../MiddleWares/FreeRTOS/tasks.c" -mcpu=cortex-m4 -std=gnu11 -g3 -DDEBUG -DUSE_HAL_DRIVER -DSTM32F303xE -c -I../Core/Inc -I"/Users/hasantayfur/tasarim_ve_bitirme/bm_tasarim/FreeRTOS_ARINC653/01_FreeRTOS_Base/MiddleWares/FreeRTOS/portable/GCC/ARM_CM4F" -I"/Users/hasantayfur/tasarim_ve_bitirme/bm_tasarim/FreeRTOS_ARINC653/01_FreeRTOS_Base/MiddleWares/FreeRTOS/include" -I../Drivers/STM32F3xx_HAL_Driver/Inc/Legacy -I../Drivers/STM32F3xx_HAL_Driver/Inc -I../Drivers/CMSIS/Device/ST/STM32F3xx/Include -I../Drivers/CMSIS/Include -O0 -ffunction-sections -fdata-sections -Wall -fstack-usage -fcyclomatic-complexity -MMD -MP -MF"MiddleWares/FreeRTOS/tasks.d" -MT"MiddleWares/FreeRTOS/tasks.o" --specs=nano.specs -mfpu=fpv4-sp-d16 -mfloat-abi=hard -mthumb -o "MiddleWares/FreeRTOS/tasks.o"
arm-none-eabi-gcc "../MiddleWares/FreeRTOS/timers.c" -mcpu=cortex-m4 -std=gnu11 -g3 -DDEBUG -DUSE_HAL_DRIVER -DSTM32F303xE -c -I../Core/Inc -I"/Users/hasantayfur/tasarim_ve_bitirme/bm_tasarim/FreeRTOS_ARINC653/01_FreeRTOS_Base/MiddleWares/FreeRTOS/portable/GCC/ARM_CM4F" -I"/Users/hasantayfur/tasarim_ve_bitirme/bm_tasarim/FreeRTOS_ARINC653/01_FreeRTOS_Base/MiddleWares/FreeRTOS/include" -I../Drivers/STM32F3xx_HAL_Driver/Inc/Legacy -I../Drivers/STM32F3xx_HAL_Driver/Inc -I../Drivers/CMSIS/Device/ST/STM32F3xx/Include -I../Drivers/CMSIS/Include -O0 -ffunction-sections -fdata-sections -Wall -fstack-usage -fcyclomatic-complexity -MMD -MP -MF"MiddleWares/FreeRTOS/timers.d" -MT"MiddleWares/FreeRTOS/timers.o" --specs=nano.specs -mfpu=fpv4-sp-d16 -mfloat-abi=hard -mthumb -o "MiddleWares/FreeRTOS/timers.o"
arm-none-eabi-gcc -o "01_FreeRTOS_Base.elf" @"objects.list"   -mcpu=cortex-m4 -T"/Users/hasantayfur/tasarim_ve_bitirme/bm_tasarim/FreeRTOS_ARINC653/01_FreeRTOS_Base/STM32F303RETX_FLASH.ld" --specs=nosys.specs -Wl,-Map="01_FreeRTOS_Base.map" -Wl,--gc-sections -static --specs=nano.specs -mfpu=fpv4-sp-d16 -mfloat-abi=hard -mthumb -Wl,--start-group -lc -lm -Wl,--end-group
Finished building target: 01_FreeRTOS_Base.elf
 
arm-none-eabi-size  01_FreeRTOS_Base.elf 
arm-none-eabi-objdump -h -S 01_FreeRTOS_Base.elf  > "01_FreeRTOS_Base.list"
   text	   data	    bss	    dec	    hex	filename
   8856	     12	   1708	  10576	   2950	01_FreeRTOS_Base.elf
Finished building: default.size.stdout
 
Finished building: 01_FreeRTOS_Base.list
 

11:03:19 Build Finished. 0 errors, 0 warnings. (took 835ms)

