Archive member included to satisfy reference by file (symbol)

/Applications/STM32CubeIDE.app/Contents/Eclipse/plugins/com.st.stm32cube.ide.mcu.externaltools.gnu-tools-for-stm32.13.3.rel1.macos64_1.0.0.202411102158/tools/bin/../lib/gcc/arm-none-eabi/13.3.1/../../../../arm-none-eabi/lib/thumb/v7e-m+fp/hard/libc_nano.a(libc_a-exit.o)
                              /Applications/STM32CubeIDE.app/Contents/Eclipse/plugins/com.st.stm32cube.ide.mcu.externaltools.gnu-tools-for-stm32.13.3.rel1.macos64_1.0.0.202411102158/tools/bin/../lib/gcc/arm-none-eabi/13.3.1/../../../../arm-none-eabi/lib/thumb/v7e-m+fp/hard/crt0.o (exit)
/Applications/STM32CubeIDE.app/Contents/Eclipse/plugins/com.st.stm32cube.ide.mcu.externaltools.gnu-tools-for-stm32.13.3.rel1.macos64_1.0.0.202411102158/tools/bin/../lib/gcc/arm-none-eabi/13.3.1/../../../../arm-none-eabi/lib/thumb/v7e-m+fp/hard/libc_nano.a(libc_a-findfp.o)
                              /Applications/STM32CubeIDE.app/Contents/Eclipse/plugins/com.st.stm32cube.ide.mcu.externaltools.gnu-tools-for-stm32.13.3.rel1.macos64_1.0.0.202411102158/tools/bin/../lib/gcc/arm-none-eabi/13.3.1/../../../../arm-none-eabi/lib/thumb/v7e-m+fp/hard/libc_nano.a(libc_a-exit.o) (__stdio_exit_handler)
/Applications/STM32CubeIDE.app/Contents/Eclipse/plugins/com.st.stm32cube.ide.mcu.externaltools.gnu-tools-for-stm32.13.3.rel1.macos64_1.0.0.202411102158/tools/bin/../lib/gcc/arm-none-eabi/13.3.1/../../../../arm-none-eabi/lib/thumb/v7e-m+fp/hard/libc_nano.a(libc_a-fwalk.o)
                              /Applications/STM32CubeIDE.app/Contents/Eclipse/plugins/com.st.stm32cube.ide.mcu.externaltools.gnu-tools-for-stm32.13.3.rel1.macos64_1.0.0.202411102158/tools/bin/../lib/gcc/arm-none-eabi/13.3.1/../../../../arm-none-eabi/lib/thumb/v7e-m+fp/hard/libc_nano.a(libc_a-findfp.o) (_fwalk_sglue)
/Applications/STM32CubeIDE.app/Contents/Eclipse/plugins/com.st.stm32cube.ide.mcu.externaltools.gnu-tools-for-stm32.13.3.rel1.macos64_1.0.0.202411102158/tools/bin/../lib/gcc/arm-none-eabi/13.3.1/../../../../arm-none-eabi/lib/thumb/v7e-m+fp/hard/libc_nano.a(libc_a-memset.o)
                              /Applications/STM32CubeIDE.app/Contents/Eclipse/plugins/com.st.stm32cube.ide.mcu.externaltools.gnu-tools-for-stm32.13.3.rel1.macos64_1.0.0.202411102158/tools/bin/../lib/gcc/arm-none-eabi/13.3.1/../../../../arm-none-eabi/lib/thumb/v7e-m+fp/hard/crt0.o (memset)
/Applications/STM32CubeIDE.app/Contents/Eclipse/plugins/com.st.stm32cube.ide.mcu.externaltools.gnu-tools-for-stm32.13.3.rel1.macos64_1.0.0.202411102158/tools/bin/../lib/gcc/arm-none-eabi/13.3.1/../../../../arm-none-eabi/lib/thumb/v7e-m+fp/hard/libc_nano.a(libc_a-errno.o)
                              ./Core/Src/syscalls.o (__errno)
/Applications/STM32CubeIDE.app/Contents/Eclipse/plugins/com.st.stm32cube.ide.mcu.externaltools.gnu-tools-for-stm32.13.3.rel1.macos64_1.0.0.202411102158/tools/bin/../lib/gcc/arm-none-eabi/13.3.1/../../../../arm-none-eabi/lib/thumb/v7e-m+fp/hard/libc_nano.a(libc_a-init.o)
                              /Applications/STM32CubeIDE.app/Contents/Eclipse/plugins/com.st.stm32cube.ide.mcu.externaltools.gnu-tools-for-stm32.13.3.rel1.macos64_1.0.0.202411102158/tools/bin/../lib/gcc/arm-none-eabi/13.3.1/../../../../arm-none-eabi/lib/thumb/v7e-m+fp/hard/crt0.o (__libc_init_array)
/Applications/STM32CubeIDE.app/Contents/Eclipse/plugins/com.st.stm32cube.ide.mcu.externaltools.gnu-tools-for-stm32.13.3.rel1.macos64_1.0.0.202411102158/tools/bin/../lib/gcc/arm-none-eabi/13.3.1/../../../../arm-none-eabi/lib/thumb/v7e-m+fp/hard/libc_nano.a(libc_a-lock.o)
                              /Applications/STM32CubeIDE.app/Contents/Eclipse/plugins/com.st.stm32cube.ide.mcu.externaltools.gnu-tools-for-stm32.13.3.rel1.macos64_1.0.0.202411102158/tools/bin/../lib/gcc/arm-none-eabi/13.3.1/../../../../arm-none-eabi/lib/thumb/v7e-m+fp/hard/libc_nano.a(libc_a-findfp.o) (__retarget_lock_init_recursive)
/Applications/STM32CubeIDE.app/Contents/Eclipse/plugins/com.st.stm32cube.ide.mcu.externaltools.gnu-tools-for-stm32.13.3.rel1.macos64_1.0.0.202411102158/tools/bin/../lib/gcc/arm-none-eabi/13.3.1/../../../../arm-none-eabi/lib/thumb/v7e-m+fp/hard/libc_nano.a(libc_a-impure.o)
                              /Applications/STM32CubeIDE.app/Contents/Eclipse/plugins/com.st.stm32cube.ide.mcu.externaltools.gnu-tools-for-stm32.13.3.rel1.macos64_1.0.0.202411102158/tools/bin/../lib/gcc/arm-none-eabi/13.3.1/../../../../arm-none-eabi/lib/thumb/v7e-m+fp/hard/libc_nano.a(libc_a-errno.o) (_impure_ptr)
/Applications/STM32CubeIDE.app/Contents/Eclipse/plugins/com.st.stm32cube.ide.mcu.externaltools.gnu-tools-for-stm32.13.3.rel1.macos64_1.0.0.202411102158/tools/bin/../lib/gcc/arm-none-eabi/13.3.1/../../../../arm-none-eabi/lib/thumb/v7e-m+fp/hard/libc_nano.a(libc_a-memcpy-stub.o)
                              ./MiddleWares/FreeRTOS/queue.o (memcpy)
[...]
Memory Configuration

Name             Origin             Length             Attributes
CCMRAM           0x10000000         0x00004000         xrw
RAM              0x20000000         0x00010000         xrw
FLASH            0x08000000         0x00080000         xr
*default*        0x00000000         0xffffffff

Linker script and memory map

LOAD /Applications/STM32CubeIDE.app/Contents/Eclipse/plugins/com.st.stm32cube.ide.mcu.externaltools.gnu-tools-for-stm32.13.3.rel1.macos64_1.0.0.202411102158/tools/bin/../lib/gcc/arm-none-eabi/13.3.1/thumb/v7e-m+fp/hard/crti.o
LOAD /Applications/STM32CubeIDE.app/Contents/Eclipse/plugins/com.st.stm32cube.ide.mcu.externaltools.gnu-tools-for-stm32.13.3.rel1.macos64_1.0.0.202411102158/tools/bin/../lib/gcc/arm-none-eabi/13.3.1/thumb/v7e-m+fp/hard/crtbegin.o
LOAD /Applications/STM32CubeIDE.app/Contents/Eclipse/plugins/com.st.stm32cube.ide.mcu.externaltools.gnu-tools-for-stm32.13.3.rel1.macos64_1.0.0.202411102158/tools/bin/../lib/gcc/arm-none-eabi/13.3.1/../../../../arm-none-eabi/lib/thumb/v7e-m+fp/hard/crt0.o
LOAD ./Core/Src/main.o
LOAD ./Core/Src/stm32f3xx_hal_msp.o
LOAD ./Core/Src/stm32f3xx_it.o
LOAD ./Core/Src/syscalls.o
LOAD ./Core/Src/sysmem.o
LOAD ./Core/Src/system_stm32f3xx.o
LOAD ./Core/Startup/startup_stm32f303retx.o
LOAD ./Drivers/STM32F3xx_HAL_Driver/Src/stm32f3xx_hal.o
LOAD ./Drivers/STM32F3xx_HAL_Driver/Src/stm32f3xx_hal_cortex.o
LOAD ./Drivers/STM32F3xx_HAL_Driver/Src/stm32f3xx_hal_dma.o
LOAD ./Drivers/STM32F3xx_HAL_Driver/Src/stm32f3xx_hal_exti.o
LOAD ./Drivers/STM32F3xx_HAL_Driver/Src/stm32f3xx_hal_flash.o
LOAD ./Drivers/STM32F3xx_HAL_Driver/Src/stm32f3xx_hal_flash_ex.o
LOAD ./Drivers/STM32F3xx_HAL_Driver/Src/stm32f3xx_hal_gpio.o
LOAD ./Drivers/STM32F3xx_HAL_Driver/Src/stm32f3xx_hal_i2c.o
LOAD ./Drivers/STM32F3xx_HAL_Driver/Src/stm32f3xx_hal_i2c_ex.o
LOAD ./Drivers/STM32F3xx_HAL_Driver/Src/stm32f3xx_hal_pwr.o
LOAD ./Drivers/STM32F3xx_HAL_Driver/Src/stm32f3xx_hal_pwr_ex.o
LOAD ./Drivers/STM32F3xx_HAL_Driver/Src/stm32f3xx_hal_rcc.o
LOAD ./Drivers/STM32F3xx_HAL_Driver/Src/stm32f3xx_hal_rcc_ex.o
LOAD ./MiddleWares/FreeRTOS/croutine.o
LOAD ./MiddleWares/FreeRTOS/event_groups.o
LOAD ./MiddleWares/FreeRTOS/list.o
LOAD ./MiddleWares/FreeRTOS/queue.o
LOAD ./MiddleWares/FreeRTOS/stream_buffer.o
LOAD ./MiddleWares/FreeRTOS/tasks.o
LOAD ./MiddleWares/FreeRTOS/timers.o
LOAD ./MiddleWares/FreeRTOS/portable/GCC/ARM_CM4F/port.o
LOAD ./MiddleWares/FreeRTOS/portable/MemMang/heap_4.o
START GROUP
LOAD /Applications/STM32CubeIDE.app/Contents/Eclipse/plugins/com.st.stm32cube.ide.mcu.externaltools.gnu-tools-for-stm32.13.3.rel1.macos64_1.0.0.202411102158/tools/bin/../lib/gcc/arm-none-eabi/13.3.1/../../../../arm-none-eabi/lib/thumb/v7e-m+fp/hard/libc_nano.a
LOAD /Applications/STM32CubeIDE.app/Contents/Eclipse/plugins/com.st.stm32cube.ide.mcu.externaltools.gnu-tools-for-stm32.13.3.rel1.macos64_1.0.0.202411102158/tools/bin/../lib/gcc/arm-none-eabi/13.3.1/../../../../arm-none-eabi/lib/thumb/v7e-m+fp/hard/libm.a
END GROUP
START GROUP
LOAD /Applications/STM32CubeIDE.app/Contents/Eclipse/plugins/com.st.stm32cube.ide.mcu.externaltools.gnu-tools-for-stm32.13.3.rel1.macos64_1.0.0.202411102158/tools/bin/../lib/gcc/arm-none-eabi/13.3.1/thumb/v7e-m+fp/hard/libgcc.a
LOAD /Applications/STM32CubeIDE.app/Contents/Eclipse/plugins/com.st.stm32cube.ide.mcu.externaltools.gnu-tools-for-stm32.13.3.rel1.macos64_1.0.0.202411102158/tools/bin/../lib/gcc/arm-none-eabi/13.3.1/../../../../arm-none-eabi/lib/thumb/v7e-m+fp/hard/libc_nano.a
END GROUP
START GROUP
LOAD /Applications/STM32CubeIDE.app/Contents/Eclipse/plugins/com.st.stm32cube.ide.mcu.externaltools.gnu-tools-for-stm32.13.3.rel1.macos64_1.0.0.202411102158/tools/bin/../lib/gcc/arm-none-eabi/13.3.1/thumb/v7e-m+fp/hard/libgcc.a
LOAD /Applications/STM32CubeIDE.app/Contents/Eclipse/plugins/com.st.stm32cube.ide.mcu.externaltools.gnu-tools-for-stm32.13.3.rel1.macos64_1.0.0.202411102158/tools/bin/../lib/gcc/arm-none-eabi/13.3.1/../../../../arm-none-eabi/lib/thumb/v7e-m+fp/hard/libc_nano.a
LOAD /Applications/STM32CubeIDE.app/Contents/Eclipse/plugins/com.st.stm32cube.ide.mcu.externaltools.gnu-tools-for-stm32.13.3.rel1.macos64_1.0.0.202411102158/tools/bin/../lib/gcc/arm-none-eabi/13.3.1/../../../../arm-none-eabi/lib/thumb/v7e-m+fp/hard/libnosys.a
END GROUP
START GROUP
LOAD /Applications/STM32CubeIDE.app/Contents/Eclipse/plugins/com.st.stm32cube.ide.mcu.externaltools.gnu-tools-for-stm32.13.3.rel1.macos64_1.0.0.202411102158/tools/bin/../lib/gcc/arm-none-eabi/13.3.1/thumb/v7e-m+fp/hard/libgcc.a
LOAD /Applications/STM32CubeIDE.app/Contents/Eclipse/plugins/com.st.stm32cube.ide.mcu.externaltools.gnu-tools-for-stm32.13.3.rel1.macos64_1.0.0.202411102158/tools/bin/../lib/gcc/arm-none-eabi/13.3.1/../../../../arm-none-eabi/lib/thumb/v7e-m+fp/hard/libc_nano.a
LOAD /Applications/STM32CubeIDE.app/Contents/Eclipse/plugins/com.st.stm32cube.ide.mcu.externaltools.gnu-tools-for-stm32.13.3.rel1.macos64_1.0.0.202411102158/tools/bin/../lib/gcc/arm-none-eabi/13.3.1/../../../../arm-none-eabi/lib/thumb/v7e-m+fp/hard/libnosys.a
END GROUP
LOAD /Applications/STM32CubeIDE.app/Contents/Eclipse/plugins/com.st.stm32cube.ide.mcu.externaltools.gnu-tools-for-stm32.13.3.rel1.macos64_1.0.0.202411102158/tools/bin/../lib/gcc/arm-none-eabi/13.3.1/thumb/v7e-m+fp/hard/crtend.o
LOAD /Applications/STM32CubeIDE.app/Contents/Eclipse/plugins/com.st.stm32cube.ide.mcu.externaltools.gnu-tools-for-stm32.13.3.rel1.macos64_1.0.0.202411102158/tools/bin/../lib/gcc/arm-none-eabi/13.3.1/thumb/v7e-m+fp/hard/crtn.o
                0x20010000                        _estack = (ORIGIN (RAM) + LENGTH (RAM))
                0x00000200                        _Min_Heap_Size = 0x200
                0x00000400                        _Min_Stack_Size = 0x400

.isr_vector     0x08000000      0x194
                0x08000000                        . = ALIGN (0x4)
 *(.isr_vector)
 .isr_vector    0x08000000      0x194 ./Core/Startup/startup_stm32f303retx.o
                0x08000000                g_pfnVectors
                0x08000194                        . = ALIGN (0x4)

.text           0x080001a0     0x20cc
                0x080001a0                        . = ALIGN (0x4)
 *(.text)
 .text          0x080001a0       0x40 /Applications/STM32CubeIDE.app/Contents/Eclipse/plugins/com.st.stm32cube.ide.mcu.externaltools.gnu-tools-for-stm32.13.3.rel1.macos64_1.0.0.202411102158/tools/bin/../lib/gcc/arm-none-eabi/13.3.1/thumb/v7e-m+fp/hard/crtbegin.o
 *(.text*)
 .text.main     0x080001e0       0x14 ./Core/Src/main.o
                0x080001e0                main
 .text.SystemClock_Config
                0x080001f4       0x88 ./Core/Src/main.o
                0x080001f4                SystemClock_Config
 .text.MX_GPIO_Init
                0x0800027c       0xf0 ./Core/Src/main.o
 .text.Error_Handler
                0x0800036c        0xc ./Core/Src/main.o
                0x0800036c                Error_Handler
 .text.HAL_MspInit
                0x08000378       0x48 ./Core/Src/stm32f3xx_hal_msp.o
                0x08000378                HAL_MspInit
 .text.NMI_Handler
                0x080003c0        0x8 ./Core/Src/stm32f3xx_it.o
                0x080003c0                NMI_Handler
 .text.HardFault_Handler
                0x080003c8        0x8 ./Core/Src/stm32f3xx_it.o
                0x080003c8                HardFault_Handler
 .text.MemManage_Handler
                0x080003d0        0x8 ./Core/Src/stm32f3xx_it.o
                0x080003d0                MemManage_Handler
 .text.BusFault_Handler
                0x080003d8        0x8 ./Core/Src/stm32f3xx_it.o
                0x080003d8                BusFault_Handler
 .text.UsageFault_Handler
                0x080003e0        0x8 ./Core/Src/stm32f3xx_it.o
                0x080003e0                UsageFault_Handler
 .text.DebugMon_Handler
                0x080003e8        0xe ./Core/Src/stm32f3xx_it.o
                0x080003e8                DebugMon_Handler
 *fill*         0x080003f6        0x2 
 .text.SystemInit
                0x080003f8       0x24 ./Core/Src/system_stm32f3xx.o
                0x080003f8                SystemInit
 .text.Reset_Handler
                0x0800041c       0x50 ./Core/Startup/startup_stm32f303retx.o
                0x0800041c                Reset_Handler
 .text.Default_Handler
                0x0800046c        0x2 ./Core/Startup/startup_stm32f303retx.o
                0x0800046c                TIM1_BRK_TIM15_IRQHandler
                0x0800046c                TIM8_TRG_COM_IRQHandler
                0x0800046c                TIM8_CC_IRQHandler
                0x0800046c                SPI4_IRQHandler
                0x0800046c                TIM1_CC_IRQHandler
                0x0800046c                USB_HP_IRQHandler
                0x0800046c                PVD_IRQHandler
                0x0800046c                TAMP_STAMP_IRQHandler
                0x0800046c                EXTI3_IRQHandler
                0x0800046c                I2C3_ER_IRQHandler
                0x0800046c                USB_HP_CAN_TX_IRQHandler
                0x0800046c                EXTI0_IRQHandler
                0x0800046c                I2C2_EV_IRQHandler
                0x0800046c                FPU_IRQHandler
                0x0800046c                TIM1_UP_TIM16_IRQHandler
                0x0800046c                ADC1_2_IRQHandler
                0x0800046c                SPI1_IRQHandler
                0x0800046c                CAN_SCE_IRQHandler
                0x0800046c                TIM6_DAC_IRQHandler
                0x0800046c                TIM8_UP_IRQHandler
                0x0800046c                DMA2_Channel2_IRQHandler
                0x0800046c                DMA1_Channel4_IRQHandler
                0x0800046c                TIM20_TRG_COM_IRQHandler
                0x0800046c                USART3_IRQHandler
                0x0800046c                DMA1_Channel7_IRQHandler
                0x0800046c                UART5_IRQHandler
                0x0800046c                ADC3_IRQHandler
                0x0800046c                TIM4_IRQHandler
                0x0800046c                CAN_RX1_IRQHandler
                0x0800046c                DMA2_Channel1_IRQHandler
                0x0800046c                I2C1_EV_IRQHandler
                0x0800046c                DMA1_Channel6_IRQHandler
                0x0800046c                UART4_IRQHandler
                0x0800046c                DMA2_Channel4_IRQHandler
                0x0800046c                TIM3_IRQHandler
                0x0800046c                RCC_IRQHandler
                0x0800046c                TIM20_UP_IRQHandler
                0x0800046c                DMA1_Channel1_IRQHandler
                0x0800046c                Default_Handler
                0x0800046c                USBWakeUp_RMP_IRQHandler
                0x0800046c                EXTI15_10_IRQHandler
                0x0800046c                TIM7_IRQHandler
                0x0800046c                I2C3_EV_IRQHandler
                0x0800046c                EXTI9_5_IRQHandler
                0x0800046c                RTC_WKUP_IRQHandler
                0x0800046c                SPI2_IRQHandler
                0x0800046c                USB_LP_CAN_RX0_IRQHandler
                0x0800046c                DMA2_Channel5_IRQHandler
                0x0800046c                DMA1_Channel5_IRQHandler
                0x0800046c                USB_LP_IRQHandler
                0x0800046c                EXTI4_IRQHandler
                0x0800046c                TIM1_TRG_COM_TIM17_IRQHandler
                0x0800046c                DMA1_Channel3_IRQHandler
                0x0800046c                ADC4_IRQHandler
                0x0800046c                WWDG_IRQHandler
                0x0800046c                TIM2_IRQHandler
                0x0800046c                COMP7_IRQHandler
                0x0800046c                COMP1_2_3_IRQHandler
                0x0800046c                EXTI1_IRQHandler
                0x0800046c                USART2_IRQHandler
                0x0800046c                COMP4_5_6_IRQHandler
                0x0800046c                TIM20_BRK_IRQHandler
                0x0800046c                I2C2_ER_IRQHandler
                0x0800046c                DMA1_Channel2_IRQHandler
                0x0800046c                TIM8_BRK_IRQHandler
                0x0800046c                FLASH_IRQHandler
                0x0800046c                TIM20_CC_IRQHandler
                0x0800046c                USART1_IRQHandler
                0x0800046c                SPI3_IRQHandler
                0x0800046c                I2C1_ER_IRQHandler
                0x0800046c                FMC_IRQHandler
                0x0800046c                USBWakeUp_IRQHandler
                0x0800046c                DMA2_Channel3_IRQHandler
                0x0800046c                EXTI2_TSC_IRQHandler
                0x0800046c                RTC_Alarm_IRQHandler
 *fill*         0x0800046e        0x2 
 .text.HAL_Init
                0x08000470       0x2c ./Drivers/STM32F3xx_HAL_Driver/Src/stm32f3xx_hal.o
                0x08000470                HAL_Init
 .text.HAL_InitTick
                0x0800049c       0x60 ./Drivers/STM32F3xx_HAL_Driver/Src/stm32f3xx_hal.o
                0x0800049c                HAL_InitTick
 .text.HAL_GetTick
                0x080004fc       0x18 ./Drivers/STM32F3xx_HAL_Driver/Src/stm32f3xx_hal.o
                0x080004fc                HAL_GetTick
 .text.__NVIC_SetPriorityGrouping
                0x08000514       0x48 ./Drivers/STM32F3xx_HAL_Driver/Src/stm32f3xx_hal_cortex.o
 .text.__NVIC_GetPriorityGrouping
                0x0800055c       0x1c ./Drivers/STM32F3xx_HAL_Driver/Src/stm32f3xx_hal_cortex.o
 .text.__NVIC_SetPriority
                0x08000578       0x54 ./Drivers/STM32F3xx_HAL_Driver/Src/stm32f3xx_hal_cortex.o
 .text.NVIC_EncodePriority
                0x080005cc       0x66 ./Drivers/STM32F3xx_HAL_Driver/Src/stm32f3xx_hal_cortex.o
 *fill*         0x08000632        0x2 
 .text.SysTick_Config
                0x08000634       0x44 ./Drivers/STM32F3xx_HAL_Driver/Src/stm32f3xx_hal_cortex.o
 .text.HAL_NVIC_SetPriorityGrouping
                0x08000678       0x16 ./Drivers/STM32F3xx_HAL_Driver/Src/stm32f3xx_hal_cortex.o
                0x08000678                HAL_NVIC_SetPriorityGrouping
 .text.HAL_NVIC_SetPriority
                0x0800068e       0x38 ./Drivers/STM32F3xx_HAL_Driver/Src/stm32f3xx_hal_cortex.o
                0x0800068e                HAL_NVIC_SetPriority
 .text.HAL_SYSTICK_Config
                0x080006c6       0x18 ./Drivers/STM32F3xx_HAL_Driver/Src/stm32f3xx_hal_cortex.o
                0x080006c6                HAL_SYSTICK_Config
 *fill*         0x080006de        0x2 
 .text.HAL_GPIO_Init
                0x080006e0      0x314 ./Drivers/STM32F3xx_HAL_Driver/Src/stm32f3xx_hal_gpio.o
                0x080006e0                HAL_GPIO_Init
 .text.HAL_GPIO_WritePin
                0x080009f4       0x30 ./Drivers/STM32F3xx_HAL_Driver/Src/stm32f3xx_hal_gpio.o
                0x080009f4                HAL_GPIO_WritePin
 .text.HAL_RCC_OscConfig
                0x08000a24     0x1048 ./Drivers/STM32F3xx_HAL_Driver/Src/stm32f3xx_hal_rcc.o
                0x08000a24                HAL_RCC_OscConfig
 .text.HAL_RCC_ClockConfig
                0x08001a6c      0x2dc ./Drivers/STM32F3xx_HAL_Driver/Src/stm32f3xx_hal_rcc.o
                0x08001a6c                HAL_RCC_ClockConfig
 .text.HAL_RCC_GetSysClockFreq
                0x08001d48       0xa8 ./Drivers/STM32F3xx_HAL_Driver/Src/stm32f3xx_hal_rcc.o
                0x08001d48                HAL_RCC_GetSysClockFreq
 .text.xTaskIncrementTick
                0x08001df0      0x234 ./MiddleWares/FreeRTOS/tasks.o
                0x08001df0                xTaskIncrementTick
 .text.vTaskSwitchContext
                0x08002024       0xbc ./MiddleWares/FreeRTOS/tasks.o
                0x08002024                vTaskSwitchContext
 .text.prvResetNextTaskUnblockTime
                0x080020e0       0x38 ./MiddleWares/FreeRTOS/tasks.o
 *fill*         0x08002118        0x8 
 .text.SVC_Handler
                0x08002120       0x28 ./MiddleWares/FreeRTOS/portable/GCC/ARM_CM4F/port.o
                0x08002120                SVC_Handler
 *fill*         0x08002148        0x8 
 .text.PendSV_Handler
                0x08002150       0x68 ./MiddleWares/FreeRTOS/portable/GCC/ARM_CM4F/port.o
                0x08002150                PendSV_Handler
 .text.SysTick_Handler
                0x080021b8       0x44 ./MiddleWares/FreeRTOS/portable/GCC/ARM_CM4F/port.o
                0x080021b8                SysTick_Handler
 .text.memset   0x080021fc       0x10 /Applications/STM32CubeIDE.app/Contents/Eclipse/plugins/com.st.stm32cube.ide.mcu.externaltools.gnu-tools-for-stm32.13.3.rel1.macos64_1.0.0.202411102158/tools/bin/../lib/gcc/arm-none-eabi/13.3.1/../../../../arm-none-eabi/lib/thumb/v7e-m+fp/hard/libc_nano.a(libc_a-memset.o)
                0x080021fc                memset
 .text.__libc_init_array
                0x0800220c       0x48 /Applications/STM32CubeIDE.app/Contents/Eclipse/plugins/com.st.stm32cube.ide.mcu.externaltools.gnu-tools-for-stm32.13.3.rel1.macos64_1.0.0.202411102158/tools/bin/../lib/gcc/arm-none-eabi/13.3.1/../../../../arm-none-eabi/lib/thumb/v7e-m+fp/hard/libc_nano.a(libc_a-init.o)
                0x0800220c                __libc_init_array
 *(.glue_7)
 .glue_7        0x08002254        0x0 linker stubs
 *(.glue_7t)
 .glue_7t       0x08002254        0x0 linker stubs
 *(.eh_frame)
 .eh_frame      0x08002254        0x0 /Applications/STM32CubeIDE.app/Contents/Eclipse/plugins/com.st.stm32cube.ide.mcu.externaltools.gnu-tools-for-stm32.13.3.rel1.macos64_1.0.0.202411102158/tools/bin/../lib/gcc/arm-none-eabi/13.3.1/thumb/v7e-m+fp/hard/crtbegin.o
 *(.init)
 .init          0x08002254        0x4 /Applications/STM32CubeIDE.app/Contents/Eclipse/plugins/com.st.stm32cube.ide.mcu.externaltools.gnu-tools-for-stm32.13.3.rel1.macos64_1.0.0.202411102158/tools/bin/../lib/gcc/arm-none-eabi/13.3.1/thumb/v7e-m+fp/hard/crti.o
                0x08002254                _init
 .init          0x08002258        0x8 /Applications/STM32CubeIDE.app/Contents/Eclipse/plugins/com.st.stm32cube.ide.mcu.externaltools.gnu-tools-for-stm32.13.3.rel1.macos64_1.0.0.202411102158/tools/bin/../lib/gcc/arm-none-eabi/13.3.1/thumb/v7e-m+fp/hard/crtn.o
 *(.fini)
 .fini          0x08002260        0x4 /Applications/STM32CubeIDE.app/Contents/Eclipse/plugins/com.st.stm32cube.ide.mcu.externaltools.gnu-tools-for-stm32.13.3.rel1.macos64_1.0.0.202411102158/tools/bin/../lib/gcc/arm-none-eabi/13.3.1/thumb/v7e-m+fp/hard/crti.o
                0x08002260                _fini
 .fini          0x08002264        0x8 /Applications/STM32CubeIDE.app/Contents/Eclipse/plugins/com.st.stm32cube.ide.mcu.externaltools.gnu-tools-for-stm32.13.3.rel1.macos64_1.0.0.202411102158/tools/bin/../lib/gcc/arm-none-eabi/13.3.1/thumb/v7e-m+fp/hard/crtn.o
                0x0800226c                        . = ALIGN (0x4)
                0x0800226c                        _etext = .

.vfp11_veneer   0x0800226c        0x0
 .vfp11_veneer  0x0800226c        0x0 linker stubs

.v4_bx          0x0800226c        0x0
 .v4_bx         0x0800226c        0x0 linker stubs

.iplt           0x0800226c        0x0
 .iplt          0x0800226c        0x0 /Applications/STM32CubeIDE.app/Contents/Eclipse/plugins/com.st.stm32cube.ide.mcu.externaltools.gnu-tools-for-stm32.13.3.rel1.macos64_1.0.0.202411102158/tools/bin/../lib/gcc/arm-none-eabi/13.3.1/thumb/v7e-m+fp/hard/crtbegin.o

.rodata         0x0800226c       0x30
                0x0800226c                        . = ALIGN (0x4)
 *(.rodata)
 *(.rodata*)
 .rodata.AHBPrescTable
                0x0800226c       0x10 ./Core/Src/system_stm32f3xx.o
                0x0800226c                AHBPrescTable
 .rodata.aPLLMULFactorTable
                0x0800227c       0x10 ./Drivers/STM32F3xx_HAL_Driver/Src/stm32f3xx_hal_rcc.o
 .rodata.aPredivFactorTable
                0x0800228c       0x10 ./Drivers/STM32F3xx_HAL_Driver/Src/stm32f3xx_hal_rcc.o
                0x0800229c                        . = ALIGN (0x4)

.ARM.extab      0x0800229c        0x0
                0x0800229c                        . = ALIGN (0x4)
 *(.ARM.extab* .gnu.linkonce.armextab.*)
                0x0800229c                        . = ALIGN (0x4)

.ARM            0x0800229c        0x0
                0x0800229c                        . = ALIGN (0x4)
                0x0800229c                        __exidx_start = .
 *(.ARM.exidx*)
                0x0800229c                        __exidx_end = .
                0x0800229c                        . = ALIGN (0x4)

.preinit_array  0x0800229c        0x0
                0x0800229c                        . = ALIGN (0x4)
                0x0800229c                        PROVIDE (__preinit_array_start = .)
 *(.preinit_array*)
                0x0800229c                        PROVIDE (__preinit_array_end = .)
                0x0800229c                        . = ALIGN (0x4)

.init_array     0x0800229c        0x4
                0x0800229c                        . = ALIGN (0x4)
                0x0800229c                        PROVIDE (__init_array_start = .)
 *(SORT_BY_NAME(.init_array.*))
 *(.init_array*)
 .init_array    0x0800229c        0x4 /Applications/STM32CubeIDE.app/Contents/Eclipse/plugins/com.st.stm32cube.ide.mcu.externaltools.gnu-tools-for-stm32.13.3.rel1.macos64_1.0.0.202411102158/tools/bin/../lib/gcc/arm-none-eabi/13.3.1/thumb/v7e-m+fp/hard/crtbegin.o
                0x080022a0                        PROVIDE (__init_array_end = .)
                0x080022a0                        . = ALIGN (0x4)

.fini_array     0x080022a0        0x4
                0x080022a0                        . = ALIGN (0x4)
                [!provide]                        PROVIDE (__fini_array_start = .)
 *(SORT_BY_NAME(.fini_array.*))
 *(.fini_array*)
 .fini_array    0x080022a0        0x4 /Applications/STM32CubeIDE.app/Contents/Eclipse/plugins/com.st.stm32cube.ide.mcu.externaltools.gnu-tools-for-stm32.13.3.rel1.macos64_1.0.0.202411102158/tools/bin/../lib/gcc/arm-none-eabi/13.3.1/thumb/v7e-m+fp/hard/crtbegin.o
                [!provide]                        PROVIDE (__fini_array_end = .)
                0x080022a4                        . = ALIGN (0x4)
                0x080022a4                        _sidata = LOADADDR (.data)

.rel.dyn        0x080022a4        0x0
 .rel.iplt      0x080022a4        0x0 /Applications/STM32CubeIDE.app/Contents/Eclipse/plugins/com.st.stm32cube.ide.mcu.externaltools.gnu-tools-for-stm32.13.3.rel1.macos64_1.0.0.202411102158/tools/bin/../lib/gcc/arm-none-eabi/13.3.1/thumb/v7e-m+fp/hard/crtbegin.o

.data           0x20000000        0xc load address 0x080022a4
                0x20000000                        . = ALIGN (0x4)
                0x20000000                        _sdata = .
 *(.data)
 *(.data*)
 .data.SystemCoreClock
                0x20000000        0x4 ./Core/Src/system_stm32f3xx.o
                0x20000000                SystemCoreClock
 .data.uwTickPrio
                0x20000004        0x4 ./Drivers/STM32F3xx_HAL_Driver/Src/stm32f3xx_hal.o
                0x20000004                uwTickPrio
 .data.uwTickFreq
                0x20000008        0x1 ./Drivers/STM32F3xx_HAL_Driver/Src/stm32f3xx_hal.o
                0x20000008                uwTickFreq
 *(.RamFunc)
 *(.RamFunc*)
                0x2000000c                        . = ALIGN (0x4)
 *fill*         0x20000009        0x3 
                0x2000000c                        _edata = .
                0x080022b0                        _siccmram = LOADADDR (.ccmram)

.igot.plt       0x2000000c        0x0 load address 0x080022b0
 .igot.plt      0x2000000c        0x0 /Applications/STM32CubeIDE.app/Contents/Eclipse/plugins/com.st.stm32cube.ide.mcu.externaltools.gnu-tools-for-stm32.13.3.rel1.macos64_1.0.0.202411102158/tools/bin/../lib/gcc/arm-none-eabi/13.3.1/thumb/v7e-m+fp/hard/crtbegin.o

.ccmram         0x10000000        0x0 load address 0x080022b0
                0x10000000                        . = ALIGN (0x4)
                0x10000000                        _sccmram = .
 *(.ccmram)
 *(.ccmram*)
                0x10000000                        . = ALIGN (0x4)
                0x10000000                        _eccmram = .
                0x10000000                        . = ALIGN (0x4)

.bss            0x2000000c       0xac
                0x2000000c                        _sbss = .
                0x2000000c                        __bss_start__ = _sbss
 *(.bss)
 .bss           0x2000000c       0x1c /Applications/STM32CubeIDE.app/Contents/Eclipse/plugins/com.st.stm32cube.ide.mcu.externaltools.gnu-tools-for-stm32.13.3.rel1.macos64_1.0.0.202411102158/tools/bin/../lib/gcc/arm-none-eabi/13.3.1/thumb/v7e-m+fp/hard/crtbegin.o
 *(.bss*)
 .bss.uwTick    0x20000028        0x4 ./Drivers/STM32F3xx_HAL_Driver/Src/stm32f3xx_hal.o
                0x20000028                uwTick
 .bss.pxCurrentTCB
                0x2000002c        0x4 ./MiddleWares/FreeRTOS/tasks.o
                0x2000002c                pxCurrentTCB
 .bss.pxReadyTasksLists
                0x20000030       0x64 ./MiddleWares/FreeRTOS/tasks.o
 .bss.pxDelayedTaskList
                0x20000094        0x4 ./MiddleWares/FreeRTOS/tasks.o
 .bss.pxOverflowDelayedTaskList
                0x20000098        0x4 ./MiddleWares/FreeRTOS/tasks.o
 .bss.xTickCount
                0x2000009c        0x4 ./MiddleWares/FreeRTOS/tasks.o
 .bss.uxTopReadyPriority
                0x200000a0        0x4 ./MiddleWares/FreeRTOS/tasks.o
 .bss.xPendedTicks
                0x200000a4        0x4 ./MiddleWares/FreeRTOS/tasks.o
 .bss.xYieldPendings
                0x200000a8        0x4 ./MiddleWares/FreeRTOS/tasks.o
 .bss.xNumOfOverflows
                0x200000ac        0x4 ./MiddleWares/FreeRTOS/tasks.o
 .bss.xNextTaskUnblockTime
                0x200000b0        0x4 ./MiddleWares/FreeRTOS/tasks.o
 .bss.uxSchedulerSuspended
                0x200000b4        0x4 ./MiddleWares/FreeRTOS/tasks.o
 *(COMMON)
                0x200000b8                        . = ALIGN (0x4)
                0x200000b8                        _ebss = .
                0x200000b8                        __bss_end__ = _ebss

._user_heap_stack
                0x200000b8      0x600
                0x200000b8                        . = ALIGN (0x8)
                [!provide]                        PROVIDE (end = .)
                0x200000b8                        PROVIDE (_end = .)
                0x200002b8                        . = (. + _Min_Heap_Size)
 *fill*         0x200000b8      0x200 
                0x200006b8                        . = (. + _Min_Stack_Size)
 *fill*         0x200002b8      0x400 
                0x200006b8                        . = ALIGN (0x8)

/DISCARD/
 libc.a(*)
 libm.a(*)
 libgcc.a(*)

.ARM.attributes
                0x00000000       0x30
 *(.ARM.attributes)
 .ARM.attributes
                0x00000000       0x22 /Applications/STM32CubeIDE.app/Contents/Eclipse/plugins/com.st.stm32cube.ide.mcu.externaltools.gnu-tools-for-stm32.13.3.rel1.macos64_1.0.0.202411102158/tools/bin/../lib/gcc/arm-none-eabi/13.3.1/thumb/v7e-m+fp/hard/crti.o
 .ARM.attributes
                0x00000022       0x34 /Applications/STM32CubeIDE.app/Contents/Eclipse/plugins/com.st.stm32cube.ide.mcu.externaltools.gnu-tools-for-stm32.13.3.rel1.macos64_1.0.0.202411102158/tools/bin/../lib/gcc/arm-none-eabi/13.3.1/thumb/v7e-m+fp/hard/crtbegin.o
 .ARM.attributes
                0x00000056       0x34 ./Core/Src/main.o
 .ARM.attributes
                0x0000008a       0x34 ./Core/Src/stm32f3xx_hal_msp.o
 .ARM.attributes
                0x000000be       0x34 ./Core/Src/stm32f3xx_it.o
 .ARM.attributes
                0x000000f2       0x34 ./Core/Src/system_stm32f3xx.o
 .ARM.attributes
                0x00000126       0x21 ./Core/Startup/startup_stm32f303retx.o
 .ARM.attributes
                0x00000147       0x34 ./Drivers/STM32F3xx_HAL_Driver/Src/stm32f3xx_hal.o
 .ARM.attributes
                0x0000017b       0x34 ./Drivers/STM32F3xx_HAL_Driver/Src/stm32f3xx_hal_cortex.o
 .ARM.attributes
                0x000001af       0x34 ./Drivers/STM32F3xx_HAL_Driver/Src/stm32f3xx_hal_gpio.o
 .ARM.attributes
                0x000001e3       0x34 ./Drivers/STM32F3xx_HAL_Driver/Src/stm32f3xx_hal_rcc.o
 .ARM.attributes
                0x00000217       0x34 ./MiddleWares/FreeRTOS/tasks.o
 .ARM.attributes
                0x0000024b       0x34 ./MiddleWares/FreeRTOS/portable/GCC/ARM_CM4F/port.o
 .ARM.attributes
                0x0000027f       0x34 /Applications/STM32CubeIDE.app/Contents/Eclipse/plugins/com.st.stm32cube.ide.mcu.externaltools.gnu-tools-for-stm32.13.3.rel1.macos64_1.0.0.202411102158/tools/bin/../lib/gcc/arm-none-eabi/13.3.1/../../../../arm-none-eabi/lib/thumb/v7e-m+fp/hard/libc_nano.a(libc_a-memset.o)
 .ARM.attributes
                0x000002b3       0x34 /Applications/STM32CubeIDE.app/Contents/Eclipse/plugins/com.st.stm32cube.ide.mcu.externaltools.gnu-tools-for-stm32.13.3.rel1.macos64_1.0.0.202411102158/tools/bin/../lib/gcc/arm-none-eabi/13.3.1/../../../../arm-none-eabi/lib/thumb/v7e-m+fp/hard/libc_nano.a(libc_a-init.o)
 .ARM.attributes
                0x000002e7       0x22 /Applications/STM32CubeIDE.app/Contents/Eclipse/plugins/com.st.stm32cube.ide.mcu.externaltools.gnu-tools-for-stm32.13.3.rel1.macos64_1.0.0.202411102158/tools/bin/../lib/gcc/arm-none-eabi/13.3.1/thumb/v7e-m+fp/hard/crtn.o
OUTPUT(01_FreeRTOS_Base.elf elf32-littlearm)
LOAD linker stubs
LOAD /Applications/STM32CubeIDE.app/Contents/Eclipse/plugins/com.st.stm32cube.ide.mcu.externaltools.gnu-tools-for-stm32.13.3.rel1.macos64_1.0.0.202411102158/tools/bin/../lib/gcc/arm-none-eabi/13.3.1/../../../../arm-none-eabi/lib/thumb/v7e-m+fp/hard/libc.a
LOAD /Applications/STM32CubeIDE.app/Contents/Eclipse/plugins/com.st.stm32cube.ide.mcu.externaltools.gnu-tools-for-stm32.13.3.rel1.macos64_1.0.0.202411102158/tools/bin/../lib/gcc/arm-none-eabi/13.3.1/../../../../arm-none-eabi/lib/thumb/v7e-m+fp/hard/libm.a
LOAD /Applications/STM32CubeIDE.app/Contents/Eclipse/plugins/com.st.stm32cube.ide.mcu.externaltools.gnu-tools-for-stm32.13.3.rel1.macos64_1.0.0.202411102158/tools/bin/../lib/gcc/arm-none-eabi/13.3.1/thumb/v7e-m+fp/hard/libgcc.a

.debug_info     0x00000000     0x6978
 .debug_info    0x00000000      0x59b ./Core/Src/main.o
 .debug_info    0x0000059b      0x1a0 ./Core/Src/stm32f3xx_hal_msp.o
 .debug_info    0x0000073b       0xd8 ./Core/Src/stm32f3xx_it.o
 .debug_info    0x00000813      0x407 ./Core/Src/system_stm32f3xx.o
 .debug_info    0x00000c1a       0x30 ./Core/Startup/startup_stm32f303retx.o
 .debug_info    0x00000c4a      0x804 ./Drivers/STM32F3xx_HAL_Driver/Src/stm32f3xx_hal.o
 .debug_info    0x0000144e      0xd14 ./Drivers/STM32F3xx_HAL_Driver/Src/stm32f3xx_hal_cortex.o
 .debug_info    0x00002162      0x6a6 ./Drivers/STM32F3xx_HAL_Driver/Src/stm32f3xx_hal_gpio.o
 .debug_info    0x00002808     0x149a ./Drivers/STM32F3xx_HAL_Driver/Src/stm32f3xx_hal_rcc.o
 .debug_info    0x00003ca2     0x2755 ./MiddleWares/FreeRTOS/tasks.o
 .debug_info    0x000063f7      0x581 ./MiddleWares/FreeRTOS/portable/GCC/ARM_CM4F/port.o

.debug_abbrev   0x00000000     0x1444
 .debug_abbrev  0x00000000      0x1ef ./Core/Src/main.o
 .debug_abbrev  0x000001ef       0xe2 ./Core/Src/stm32f3xx_hal_msp.o
 .debug_abbrev  0x000002d1       0x47 ./Core/Src/stm32f3xx_it.o
 .debug_abbrev  0x00000318      0x11a ./Core/Src/system_stm32f3xx.o
 .debug_abbrev  0x00000432       0x24 ./Core/Startup/startup_stm32f303retx.o
 .debug_abbrev  0x00000456      0x215 ./Drivers/STM32F3xx_HAL_Driver/Src/stm32f3xx_hal.o
 .debug_abbrev  0x0000066b      0x31e ./Drivers/STM32F3xx_HAL_Driver/Src/stm32f3xx_hal_cortex.o
 .debug_abbrev  0x00000989      0x1ca ./Drivers/STM32F3xx_HAL_Driver/Src/stm32f3xx_hal_gpio.o
 .debug_abbrev  0x00000b53      0x300 ./Drivers/STM32F3xx_HAL_Driver/Src/stm32f3xx_hal_rcc.o
 .debug_abbrev  0x00000e53      0x3a9 ./MiddleWares/FreeRTOS/tasks.o
 .debug_abbrev  0x000011fc      0x248 ./MiddleWares/FreeRTOS/portable/GCC/ARM_CM4F/port.o

.debug_aranges  0x00000000      0x680
 .debug_aranges
                0x00000000       0x38 ./Core/Src/main.o
 .debug_aranges
                0x00000038       0x20 ./Core/Src/stm32f3xx_hal_msp.o
 .debug_aranges
                0x00000058       0x48 ./Core/Src/stm32f3xx_it.o
 .debug_aranges
                0x000000a0       0x28 ./Core/Src/system_stm32f3xx.o
 .debug_aranges
                0x000000c8       0x28 ./Core/Startup/startup_stm32f303retx.o
 .debug_aranges
                0x000000f0       0xe0 ./Drivers/STM32F3xx_HAL_Driver/Src/stm32f3xx_hal.o
 .debug_aranges
                0x000001d0      0x128 ./Drivers/STM32F3xx_HAL_Driver/Src/stm32f3xx_hal_cortex.o
 .debug_aranges
                0x000002f8       0x58 ./Drivers/STM32F3xx_HAL_Driver/Src/stm32f3xx_hal_gpio.o
 .debug_aranges
                0x00000350       0x88 ./Drivers/STM32F3xx_HAL_Driver/Src/stm32f3xx_hal_rcc.o
 .debug_aranges
                0x000003d8      0x228 ./MiddleWares/FreeRTOS/tasks.o
 .debug_aranges
                0x00000600       0x80 ./MiddleWares/FreeRTOS/portable/GCC/ARM_CM4F/port.o

.debug_rnglists
                0x00000000      0x4e6
 .debug_rnglists
                0x00000000       0x27 ./Core/Src/main.o
 .debug_rnglists
                0x00000027       0x13 ./Core/Src/stm32f3xx_hal_msp.o
 .debug_rnglists
                0x0000003a       0x31 ./Core/Src/stm32f3xx_it.o
 .debug_rnglists
                0x0000006b       0x1a ./Core/Src/system_stm32f3xx.o
 .debug_rnglists
                0x00000085       0x19 ./Core/Startup/startup_stm32f303retx.o
 .debug_rnglists
                0x0000009e       0xa3 ./Drivers/STM32F3xx_HAL_Driver/Src/stm32f3xx_hal.o
 .debug_rnglists
                0x00000141       0xda ./Drivers/STM32F3xx_HAL_Driver/Src/stm32f3xx_hal_cortex.o
 .debug_rnglists
                0x0000021b       0x3f ./Drivers/STM32F3xx_HAL_Driver/Src/stm32f3xx_hal_gpio.o
 .debug_rnglists
                0x0000025a       0x66 ./Drivers/STM32F3xx_HAL_Driver/Src/stm32f3xx_hal_rcc.o
 .debug_rnglists
                0x000002c0      0x1c9 ./MiddleWares/FreeRTOS/tasks.o
 .debug_rnglists
                0x00000489       0x5d ./MiddleWares/FreeRTOS/portable/GCC/ARM_CM4F/port.o

.debug_macro    0x00000000    0x1e7c7
 .debug_macro   0x00000000      0x1be ./Core/Src/main.o
 .debug_macro   0x000001be      0xad8 ./Core/Src/main.o
 .debug_macro   0x00000c96      0x152 ./Core/Src/main.o
 .debug_macro   0x00000de8       0x2e ./Core/Src/main.o
 .debug_macro   0x00000e16       0x28 ./Core/Src/main.o
 .debug_macro   0x00000e3e       0x22 ./Core/Src/main.o
 .debug_macro   0x00000e60       0x8e ./Core/Src/main.o
 .debug_macro   0x00000eee       0x51 ./Core/Src/main.o
 .debug_macro   0x00000f3f      0x103 ./Core/Src/main.o
 .debug_macro   0x00001042       0x6a ./Core/Src/main.o
 .debug_macro   0x000010ac      0x1df ./Core/Src/main.o
 .debug_macro   0x0000128b       0x1c ./Core/Src/main.o
 .debug_macro   0x000012a7       0x22 ./Core/Src/main.o
 .debug_macro   0x000012c9       0xd9 ./Core/Src/main.o
 .debug_macro   0x000013a2     0x102d ./Core/Src/main.o
 .debug_macro   0x000023cf      0x11f ./Core/Src/main.o
 .debug_macro   0x000024ee    0x1535a ./Core/Src/main.o
 .debug_macro   0x00017848       0x6d ./Core/Src/main.o
 .debug_macro   0x000178b5     0x3574 ./Core/Src/main.o
 .debug_macro   0x0001ae29      0x190 ./Core/Src/main.o
 .debug_macro   0x0001afb9       0x55 ./Core/Src/main.o
 .debug_macro   0x0001b00e      0x953 ./Core/Src/main.o
 .debug_macro   0x0001b961      0x84a ./Core/Src/main.o
 .debug_macro   0x0001c1ab      0x1b5 ./Core/Src/main.o
 .debug_macro   0x0001c360      0x23a ./Core/Src/main.o
 .debug_macro   0x0001c59a      0x1ea ./Core/Src/main.o
 .debug_macro   0x0001c784      0x1bc ./Core/Src/main.o
 .debug_macro   0x0001c940       0x30 ./Core/Src/main.o
 .debug_macro   0x0001c970       0x3c ./Core/Src/main.o
 .debug_macro   0x0001c9ac      0x235 ./Core/Src/main.o
 .debug_macro   0x0001cbe1       0xc5 ./Core/Src/main.o
 .debug_macro   0x0001cca6      0x21d ./Core/Src/main.o
 .debug_macro   0x0001cec3      0x22c ./Core/Src/main.o
 .debug_macro   0x0001d0ef       0x5b ./Core/Src/main.o
 .debug_macro   0x0001d14a       0xa5 ./Core/Src/main.o
 .debug_macro   0x0001d1ef       0x81 ./Core/Src/main.o
 .debug_macro   0x0001d270       0xd3 ./Core/Src/main.o
 .debug_macro   0x0001d343      0x347 ./Core/Src/main.o
 .debug_macro   0x0001d68a       0x58 ./Core/Src/main.o
 .debug_macro   0x0001d6e2      0x1be ./Core/Src/stm32f3xx_hal_msp.o
 .debug_macro   0x0001d8a0      0x1c8 ./Core/Src/stm32f3xx_it.o
 .debug_macro   0x0001da68      0x1af ./Core/Src/system_stm32f3xx.o
 .debug_macro   0x0001dc17      0x1d3 ./Drivers/STM32F3xx_HAL_Driver/Src/stm32f3xx_hal.o
 .debug_macro   0x0001ddea      0x1af ./Drivers/STM32F3xx_HAL_Driver/Src/stm32f3xx_hal_cortex.o
 .debug_macro   0x0001df99      0x1b6 ./Drivers/STM32F3xx_HAL_Driver/Src/stm32f3xx_hal_gpio.o
 .debug_macro   0x0001e14f      0x1d3 ./Drivers/STM32F3xx_HAL_Driver/Src/stm32f3xx_hal_rcc.o
 .debug_macro   0x0001e322      0x2bf ./MiddleWares/FreeRTOS/tasks.o
 .debug_macro   0x0001e5e1       0x17 ./MiddleWares/FreeRTOS/tasks.o
 .debug_macro   0x0001e5f8      0x1cf ./MiddleWares/FreeRTOS/portable/GCC/ARM_CM4F/port.o

.debug_line     0x00000000     0x79b1
 .debug_line    0x00000000      0x755 ./Core/Src/main.o
 .debug_line    0x00000755      0x6a3 ./Core/Src/stm32f3xx_hal_msp.o
 .debug_line    0x00000df8      0x713 ./Core/Src/stm32f3xx_it.o
 .debug_line    0x0000150b      0x721 ./Core/Src/system_stm32f3xx.o
 .debug_line    0x00001c2c       0x7a ./Core/Startup/startup_stm32f303retx.o
 .debug_line    0x00001ca6      0x958 ./Drivers/STM32F3xx_HAL_Driver/Src/stm32f3xx_hal.o
 .debug_line    0x000025fe      0xc23 ./Drivers/STM32F3xx_HAL_Driver/Src/stm32f3xx_hal_cortex.o
 .debug_line    0x00003221      0xacb ./Drivers/STM32F3xx_HAL_Driver/Src/stm32f3xx_hal_gpio.o
 .debug_line    0x00003cec     0x14cf ./Drivers/STM32F3xx_HAL_Driver/Src/stm32f3xx_hal_rcc.o
 .debug_line    0x000051bb     0x1f58 ./MiddleWares/FreeRTOS/tasks.o
 .debug_line    0x00007113      0x89e ./MiddleWares/FreeRTOS/portable/GCC/ARM_CM4F/port.o

.debug_str      0x00000000    0xc7c08
 .debug_str     0x00000000    0xc7c08 ./Core/Src/main.o
                              0xb66e0 (size before relaxing)
 .debug_str     0x000c7c08    0xb6489 ./Core/Src/stm32f3xx_hal_msp.o
 .debug_str     0x000c7c08    0xb6464 ./Core/Src/stm32f3xx_it.o
 .debug_str     0x000c7c08    0xb6404 ./Core/Src/system_stm32f3xx.o
 .debug_str     0x000c7c08       0x9e ./Core/Startup/startup_stm32f303retx.o
 .debug_str     0x000c7c08    0xb6cad ./Drivers/STM32F3xx_HAL_Driver/Src/stm32f3xx_hal.o
 .debug_str     0x000c7c08    0xb6d31 ./Drivers/STM32F3xx_HAL_Driver/Src/stm32f3xx_hal_cortex.o
 .debug_str     0x000c7c08    0xb65e9 ./Drivers/STM32F3xx_HAL_Driver/Src/stm32f3xx_hal_gpio.o
 .debug_str     0x000c7c08    0xb68a8 ./Drivers/STM32F3xx_HAL_Driver/Src/stm32f3xx_hal_rcc.o
 .debug_str     0x000c7c08    0x14429 ./MiddleWares/FreeRTOS/tasks.o
 .debug_str     0x000c7c08     0xf647 ./MiddleWares/FreeRTOS/portable/GCC/ARM_CM4F/port.o

.comment        0x00000000       0x43
 .comment       0x00000000       0x43 ./Core/Src/main.o
                                 0x44 (size before relaxing)
 .comment       0x00000043       0x44 ./Core/Src/stm32f3xx_hal_msp.o
 .comment       0x00000043       0x44 ./Core/Src/stm32f3xx_it.o
 .comment       0x00000043       0x44 ./Core/Src/system_stm32f3xx.o
 .comment       0x00000043       0x44 ./Drivers/STM32F3xx_HAL_Driver/Src/stm32f3xx_hal.o
 .comment       0x00000043       0x44 ./Drivers/STM32F3xx_HAL_Driver/Src/stm32f3xx_hal_cortex.o
 .comment       0x00000043       0x44 ./Drivers/STM32F3xx_HAL_Driver/Src/stm32f3xx_hal_gpio.o
 .comment       0x00000043       0x44 ./Drivers/STM32F3xx_HAL_Driver/Src/stm32f3xx_hal_rcc.o
 .comment       0x00000043       0x44 ./MiddleWares/FreeRTOS/tasks.o
 .comment       0x00000043       0x44 ./MiddleWares/FreeRTOS/portable/GCC/ARM_CM4F/port.o

.debug_frame    0x00000000     0x18bc
 .debug_frame   0x00000000       0x8c ./Core/Src/main.o
 .debug_frame   0x0000008c       0x34 ./Core/Src/stm32f3xx_hal_msp.o
 .debug_frame   0x000000c0       0xa8 ./Core/Src/stm32f3xx_it.o
 .debug_frame   0x00000168       0x58 ./Core/Src/system_stm32f3xx.o
 .debug_frame   0x000001c0      0x334 ./Drivers/STM32F3xx_HAL_Driver/Src/stm32f3xx_hal.o
 .debug_frame   0x000004f4      0x4e8 ./Drivers/STM32F3xx_HAL_Driver/Src/stm32f3xx_hal_cortex.o
 .debug_frame   0x000009dc      0x14c ./Drivers/STM32F3xx_HAL_Driver/Src/stm32f3xx_hal_gpio.o
 .debug_frame   0x00000b28      0x214 ./Drivers/STM32F3xx_HAL_Driver/Src/stm32f3xx_hal_rcc.o
 .debug_frame   0x00000d3c      0x98c ./MiddleWares/FreeRTOS/tasks.o
 .debug_frame   0x000016c8      0x1a8 ./MiddleWares/FreeRTOS/portable/GCC/ARM_CM4F/port.o
 .debug_frame   0x00001870       0x20 /Applications/STM32CubeIDE.app/Contents/Eclipse/plugins/com.st.stm32cube.ide.mcu.externaltools.gnu-tools-for-stm32.13.3.rel1.macos64_1.0.0.202411102158/tools/bin/../lib/gcc/arm-none-eabi/13.3.1/../../../../arm-none-eabi/lib/thumb/v7e-m+fp/hard/libc_nano.a(libc_a-memset.o)
 .debug_frame   0x00001890       0x2c /Applications/STM32CubeIDE.app/Contents/Eclipse/plugins/com.st.stm32cube.ide.mcu.externaltools.gnu-tools-for-stm32.13.3.rel1.macos64_1.0.0.202411102158/tools/bin/../lib/gcc/arm-none-eabi/13.3.1/../../../../arm-none-eabi/lib/thumb/v7e-m+fp/hard/libc_nano.a(libc_a-init.o)

.debug_line_str
                0x00000000       0x82
 .debug_line_str
                0x00000000       0x82 ./Core/Startup/startup_stm32f303retx.o
